CHGMOD                          = $005F ; const, local, , sample025, , sample025.asm:2
SETGRP                          = $007E ; const, local, , sample025, , sample025.asm:3
ERAFNK                          = $00CC ; const, local, , sample025, , sample025.asm:4
LINWID                          = $F3AF ; const, local, , sample025, , sample025.asm:7
RG0SAV                          = $F3DF ; const, local, , sample025, , sample025.asm:8
FORCLR                          = $F3E9 ; const, local, , sample025, , sample025.asm:9
BAKCLR                          = $F3EA ; const, local, , sample025, , sample025.asm:10
BDRCLR                          = $F3EB ; const, local, , sample025, , sample025.asm:11
CLIKSW                          = $F3DB ; const, local, , sample025, , sample025.asm:12
H_TIMI                          = $FD9F ; const, local, , sample025, , sample025.asm:14
CONST_VDPPORT0                  = $0098 ; const, local, , sample025, , sample025.asm:16
CONST_VDPPORT1                  = $0099 ; const, local, , sample025, , sample025.asm:17
Header                          = $4000 ; addr, local, , sample025, , sample025.asm:22
Start                           = $4010 ; addr, local, , sample025, , sample025.asm:29
WK_VRAM_SYNC                    = $C003 ; const, local, , sample025, , sample025.asm:773
WK_REDRAW_FINE                  = $C000 ; const, local, , sample025, , sample025.asm:771
WK_UNIONRAM                     = $C100 ; const, local, , sample025, , sample025.asm:794
REDVRMSERIAL                    = $41EA ; addr, local, , sample025, , sample025.asm:588
WRTVRMSERIAL                    = $4209 ; addr, local, , sample025, , sample025.asm:636
WRTVRMFIL                       = $4228 ; addr, local, , sample025, , sample025.asm:682
WK_VIRT_VRAM_UP                 = $C100 ; const, local, , sample025, , sample025.asm:786
MemFil                          = $419A ; addr, local, , sample025, , sample025.asm:436
WK_VIRT_VRAM_ADR                = $C00D ; const, local, , sample025, , sample025.asm:779
WK_CHRPTN_VRAM_ADR              = $C00F ; const, local, , sample025, , sample025.asm:780
INIT_H_TIMI_HANDLER             = $40CB ; addr, local, , sample025, , sample025.asm:208
VSYNC_WAIT_CNT                  = $C004 ; const, local, , sample025, , sample025.asm:774
MainLoop                        = $409D ; addr, local, , sample025, , sample025.asm:149
MainLoopDotPlot                 = $409D ; addr, local, , sample025, , sample025.asm:151
MainLoopSetX                    = $409D ; addr, local, , sample025, , sample025.asm:154
RandomValue                     = $424C ; addr, local, , sample025, , sample025.asm:729
WK_PLOT_X                       = $C00A ; const, local, , sample025, , sample025.asm:776
MainLoopSetY                    = $40A3 ; addr, local, , sample025, , sample025.asm:161
WK_PLOT_Y                       = $C00B ; const, local, , sample025, , sample025.asm:777
DotPlot                         = $4143 ; addr, local, , sample025, , sample025.asm:330
PermanentLoop                   = $40B0 ; addr, local, , sample025, , sample025.asm:170
RedrawScreen                    = $40B2 ; addr, local, , sample025, , sample025.asm:176
NameTableFillLoop               = $40B9 ; addr, local, , sample025, , sample025.asm:185
WRTVRM                          = $41E0 ; addr, local, , sample025, , sample025.asm:564
H_TIMI_BACKUP                   = $C005 ; const, local, , sample025, , sample025.asm:775
H_TIMI_HANDLER                  = $40EC ; addr, local, , sample025, , sample025.asm:238
H_TIMI_HANDLER_L1               = $40F7 ; addr, local, , sample025, , sample025.asm:254
ApplyVirtVRAM                   = $40F7 ; addr, local, , sample025, , sample025.asm:256
ApplyVirtVRAMEnd                = $413E ; addr, local, , sample025, , sample025.asm:315
ApplyVirtVRAMSetNext            = $4126 ; addr, local, , sample025, , sample025.asm:294
ExecRedraw                      = $4137 ; addr, local, , sample025, , sample025.asm:306
SetBitLoop                      = $4180 ; addr, local, , sample025, , sample025.asm:393
SetBitLoopEnd                   = $4188 ; addr, local, , sample025, , sample025.asm:401
MemCpy                          = $41A1 ; addr, local, , sample025, , sample025.asm:452
VDPRED                          = $41AA ; addr, local, , sample025, , sample025.asm:474
VDPWRT                          = $41BE ; addr, local, , sample025, , sample025.asm:505
REDVRM                          = $41D8 ; addr, local, , sample025, , sample025.asm:546
REDVRMSERIAL_End                = $4208 ; addr, local, , sample025, , sample025.asm:624
REDVRMSERIALLOOP                = $41FC ; addr, local, , sample025, , sample025.asm:610
WRTVRMSERIAL_End                = $4227 ; addr, local, , sample025, , sample025.asm:672
WRTVRMSERIALLOOP                = $421B ; addr, local, , sample025, , sample025.asm:658
WRTVRMFIL_End                   = $4243 ; addr, local, , sample025, , sample025.asm:711
WRTVRMFILLOOP                   = $4238 ; addr, local, , sample025, , sample025.asm:698
InitRandom                      = $4244 ; addr, local, , sample025, , sample025.asm:721
WK_RANDOM_VALUE                 = $C001 ; const, local, , sample025, , sample025.asm:772
RandomValueEnd                  = $4267 ; addr, local, , sample025, , sample025.asm:752
PG_END                          = $426F ; addr, local, , sample025, , sample025.asm:764
__head                          = $4000 ; const, public, def, , ,
__tail                          = $4270 ; const, public, def, , ,
__size                          = $0270 ; const, public, def, , ,
