GTSTCK                          = $00D5 ; const, local, , sample026, , sample026.asm:1
GTTRIG                          = $00D8 ; const, local, , sample026, , sample026.asm:2
KILBUF                          = $0156 ; const, local, , sample026, , sample026.asm:3
H_TIMI                          = $FD9F ; const, local, , sample026, , sample026.asm:5
VARTAB                          = $F6C2 ; const, local, , sample026, , sample026.asm:8
VARADR                          = $C800 ; const, local, , sample026, , sample026.asm:13
WK_B_STICK                      = $C804 ; const, local, , sample026, , sample026.asm:22
WK_B_TRIGGER                    = $C806 ; const, local, , sample026, , sample026.asm:23
WK_B_ENEMYY                     = $C808 ; const, local, , sample026, , sample026.asm:24
WK_B_PSHOTY                     = $C80A ; const, local, , sample026, , sample026.asm:25
WK_B_ESHOTY                     = $C80C ; const, local, , sample026, , sample026.asm:26
InitializeProc                  = $C000 ; addr, local, , sample026, , sample026.asm:38
H_TIMI_BACKUP                   = $C0AD ; addr, local, , sample026, , sample026.asm:255
VBLANK_PROC                     = $C052 ; addr, local, , sample026, , sample026.asm:151
WK_VRAM_SYNC                    = $C0AC ; addr, local, , sample026, , sample026.asm:253
GetVarAddress                   = $C025 ; addr, local, , sample026, , sample026.asm:76
GVALoop                         = $C039 ; addr, local, , sample026, , sample026.asm:113
GVALoopEnd                      = $C049 ; addr, local, , sample026, , sample026.asm:137
MainProc                        = $C05A ; addr, local, , sample026, , sample026.asm:169
KeyInputTrigger                 = $C075 ; addr, local, , sample026, , sample026.asm:193
EnemyMove                       = $C084 ; addr, local, , sample026, , sample026.asm:204
PlayerShotMove                  = $C08A ; addr, local, , sample026, , sample026.asm:211
PlayerShotInit                  = $C095 ; addr, local, , sample026, , sample026.asm:221
EnemyShotMove                   = $C097 ; addr, local, , sample026, , sample026.asm:226
EnemyShotInit                   = $C0A4 ; addr, local, , sample026, , sample026.asm:238
MainProcEnd                     = $C0A7 ; addr, local, , sample026, , sample026.asm:243
FUNCADDR                        = $C0B2 ; addr, local, , sample026, , sample026.asm:257
__head                          = $C000 ; const, public, def, , ,
__tail                          = $C0B4 ; const, public, def, , ,
__size                          = $00B4 ; const, public, def, , ,
