CHGMOD                          = $005F ; const, local, , sample024, , sample024.asm:2
ERAFNK                          = $00CC ; const, local, , sample024, , sample024.asm:3
LINWID                          = $F3AF ; const, local, , sample024, , sample024.asm:6
RG0SAV                          = $F3DF ; const, local, , sample024, , sample024.asm:7
FORCLR                          = $F3E9 ; const, local, , sample024, , sample024.asm:8
BAKCLR                          = $F3EA ; const, local, , sample024, , sample024.asm:9
BDRCLR                          = $F3EB ; const, local, , sample024, , sample024.asm:10
CLIKSW                          = $F3DB ; const, local, , sample024, , sample024.asm:11
H_TIMI                          = $FD9F ; const, local, , sample024, , sample024.asm:12
CONST_VDPPORT0                  = $0098 ; const, local, , sample024, , sample024.asm:14
CONST_VDPPORT1                  = $0099 ; const, local, , sample024, , sample024.asm:15
Header                          = $4000 ; addr, local, , sample024, , sample024.asm:20
Start                           = $4010 ; addr, local, , sample024, , sample024.asm:27
INTERVAL_WAIT6                  = $C001 ; const, local, , sample024, , sample024.asm:489
WK_VRAM_SYNC                    = $C000 ; const, local, , sample024, , sample024.asm:488
WRTVRMFIL                       = $4159 ; addr, local, , sample024, , sample024.asm:448
MESSAGE                         = $4175 ; addr, local, , sample024, , sample024.asm:483
WRTVRMSERIAL                    = $413A ; addr, local, , sample024, , sample024.asm:402
NUMBER_DIGIT                    = $C002 ; const, local, , sample024, , sample024.asm:490
MemFil                          = $410F ; addr, local, , sample024, , sample024.asm:317
NUMBER_DIGIT_STR                = $C007 ; const, local, , sample024, , sample024.asm:491
INIT_H_TIMI_HANDLER             = $4084 ; addr, local, , sample024, , sample024.asm:115
VSYNC_WAIT_CNT                  = $C011 ; const, local, , sample024, , sample024.asm:492
MainLoop                        = $4082 ; addr, local, , sample024, , sample024.asm:108
H_TIMI_BACKUP                   = $C012 ; const, local, , sample024, , sample024.asm:493
H_TIMI_HANDLER                  = $40A5 ; addr, local, , sample024, , sample024.asm:145
H_TIMI_HANDLER_L1               = $40B0 ; addr, local, , sample024, , sample024.asm:161
DecIntervalWait                 = $40EC ; addr, local, , sample024, , sample024.asm:228
AddBCD                          = $40F5 ; addr, local, , sample024, , sample024.asm:273
DigitToStr                      = $40C6 ; addr, local, , sample024, , sample024.asm:183
DispDigit                       = $40DE ; addr, local, , sample024, , sample024.asm:218
IntervalEnd                     = $40F0 ; addr, local, , sample024, , sample024.asm:233
AddBCD_One                      = $40F8 ; addr, local, , sample024, , sample024.asm:281
AddBCDEnd                       = $410E ; addr, local, , sample024, , sample024.asm:313
VDPWRT                          = $4116 ; addr, local, , sample024, , sample024.asm:337
WRTVRM                          = $4130 ; addr, local, , sample024, , sample024.asm:378
WRTVRMSERIAL_End                = $4158 ; addr, local, , sample024, , sample024.asm:438
WRTVRMSERIALLOOP                = $414C ; addr, local, , sample024, , sample024.asm:424
WRTVRMFIL_End                   = $4174 ; addr, local, , sample024, , sample024.asm:477
WRTVRMFILLOOP                   = $4169 ; addr, local, , sample024, , sample024.asm:464
__head                          = $4000 ; const, public, def, , ,
__tail                          = $418C ; const, public, def, , ,
__size                          = $018C ; const, public, def, , ,
