dcompr                          = $0020 ; const, local, , x_inv02, , x_inv02.asm:1
wrtvrm                          = $004D ; const, local, , x_inv02, , x_inv02.asm:2
ldivrm                          = $005C ; const, local, , x_inv02, , x_inv02.asm:3
chgmod                          = $005F ; const, local, , x_inv02, , x_inv02.asm:4
breakx                          = $00B7 ; const, local, , x_inv02, , x_inv02.asm:6
gtstck                          = $00D5 ; const, local, , x_inv02, , x_inv02.asm:8
gttrig                          = $00D8 ; const, local, , x_inv02, , x_inv02.asm:9
forclr                          = $F3E9 ; const, local, , x_inv02, , x_inv02.asm:13
bakclr                          = $F3EA ; const, local, , x_inv02, , x_inv02.asm:14
bdrclr                          = $F3EB ; const, local, , x_inv02, , x_inv02.asm:15
Header                          = $4000 ; addr, local, , x_inv02, , x_inv02.asm:19
setInitialData                  = $4436 ; addr, local, , x_inv02, , x_inv02.asm:611
init                            = $4013 ; addr, local, , x_inv02, , x_inv02.asm:26
chrset                          = $4385 ; addr, local, , x_inv02, , x_inv02.asm:530
canon                           = $C006 ; const, local, , x_inv02, , x_inv02.asm:593
joystk                          = $C004 ; const, local, , x_inv02, , x_inv02.asm:591
invini                          = $431A ; addr, local, , x_inv02, , x_inv02.asm:466
timec1                          = $C000 ; const, local, , x_inv02, , x_inv02.asm:587
getxy                           = $406E ; addr, local, , x_inv02, , x_inv02.asm:65
dspinv                          = $4363 ; addr, local, , x_inv02, , x_inv02.asm:510
main                            = $4048 ; addr, local, , x_inv02, , x_inv02.asm:48
movcan                          = $407C ; addr, local, , x_inv02, , x_inv02.asm:75
snstrg                          = $40C6 ; addr, local, , x_inv02, , x_inv02.asm:121
mvmisl                          = $4111 ; addr, local, , x_inv02, , x_inv02.asm:167
invmov                          = $41F8 ; addr, local, , x_inv02, , x_inv02.asm:292
hitchk                          = $4193 ; addr, local, , x_inv02, , x_inv02.asm:237
mslhit                          = $415C ; addr, local, , x_inv02, , x_inv02.asm:209
invnin                          = $C018 ; const, local, , x_inv02, , x_inv02.asm:603
putxy                           = $4075 ; addr, local, , x_inv02, , x_inv02.asm:70
time2                           = $C013 ; const, local, , x_inv02, , x_inv02.asm:598
timec2                          = $C001 ; const, local, , x_inv02, , x_inv02.asm:588
right                           = $4094 ; addr, local, , x_inv02, , x_inv02.asm:89
left                            = $40B4 ; addr, local, , x_inv02, , x_inv02.asm:109
movchr                          = $40A4 ; addr, local, , x_inv02, , x_inv02.asm:100
trig                            = $C005 ; const, local, , x_inv02, , x_inv02.asm:592
fire                            = $40D5 ; addr, local, , x_inv02, , x_inv02.asm:132
misil1                          = $C009 ; const, local, , x_inv02, , x_inv02.asm:594
fire1                           = $40EC ; addr, local, , x_inv02, , x_inv02.asm:145
fire2                           = $40F2 ; addr, local, , x_inv02, , x_inv02.asm:149
fire3                           = $40F8 ; addr, local, , x_inv02, , x_inv02.asm:153
fireon                          = $40FC ; addr, local, , x_inv02, , x_inv02.asm:156
misil2                          = $C00C ; const, local, , x_inv02, , x_inv02.asm:595
misil3                          = $C00F ; const, local, , x_inv02, , x_inv02.asm:596
time3                           = $C014 ; const, local, , x_inv02, , x_inv02.asm:599
timec3                          = $C002 ; const, local, , x_inv02, , x_inv02.asm:589
mslchk                          = $412C ; addr, local, , x_inv02, , x_inv02.asm:179
msloff                          = $4152 ; addr, local, , x_inv02, , x_inv02.asm:202
time4                           = $C015 ; const, local, , x_inv02, , x_inv02.asm:600
timec4                          = $C003 ; const, local, , x_inv02, , x_inv02.asm:590
hiton                           = $417B ; addr, local, , x_inv02, , x_inv02.asm:223
hit1                            = $41A5 ; addr, local, , x_inv02, , x_inv02.asm:244
inv1                            = $C01D ; const, local, , x_inv02, , x_inv02.asm:607
hit2                            = $41AB ; addr, local, , x_inv02, , x_inv02.asm:248
hitmsl                          = $41B7 ; addr, local, , x_inv02, , x_inv02.asm:256
spdup                           = $41F3 ; addr, local, , x_inv02, , x_inv02.asm:287
time1                           = $C012 ; const, local, , x_inv02, , x_inv02.asm:597
invpnt                          = $C01B ; const, local, , x_inv02, , x_inv02.asm:606
lrd                             = $C019 ; const, local, , x_inv02, , x_inv02.asm:604
invmvr                          = $4239 ; addr, local, , x_inv02, , x_inv02.asm:329
invmvd                          = $425D ; addr, local, , x_inv02, , x_inv02.asm:350
invmvl                          = $4215 ; addr, local, , x_inv02, , x_inv02.asm:308
invll                           = $4298 ; addr, local, , x_inv02, , x_inv02.asm:382
invtim                          = $C017 ; const, local, , x_inv02, , x_inv02.asm:602
mvl                             = $4230 ; addr, local, , x_inv02, , x_inv02.asm:323
invrr                           = $42C6 ; addr, local, , x_inv02, , x_inv02.asm:411
mvr                             = $4254 ; addr, local, , x_inv02, , x_inv02.asm:344
inv55                           = $C0BF ; const, local, , x_inv02, , x_inv02.asm:608
invdwn                          = $42F3 ; addr, local, , x_inv02, , x_inv02.asm:437
mvd                             = $4277 ; addr, local, , x_inv02, , x_inv02.asm:364
lr                              = $C01A ; const, local, , x_inv02, , x_inv02.asm:605
invnxt                          = $428C ; addr, local, , x_inv02, , x_inv02.asm:375
invdd                           = $42DA ; addr, local, , x_inv02, , x_inv02.asm:425
invlr                           = $42AA ; addr, local, , x_inv02, , x_inv02.asm:395
walk                            = $4304 ; addr, local, , x_inv02, , x_inv02.asm:449
canhit                          = $4314 ; addr, local, , x_inv02, , x_inv02.asm:461
invtic                          = $C016 ; const, local, , x_inv02, , x_inv02.asm:601
walk2                           = $430F ; addr, local, , x_inv02, , x_inv02.asm:457
walk1                           = $430A ; addr, local, , x_inv02, , x_inv02.asm:453
invin1                          = $4330 ; addr, local, , x_inv02, , x_inv02.asm:477
invin2                          = $4333 ; addr, local, , x_inv02, , x_inv02.asm:481
invchr                          = $437B ; addr, local, , x_inv02, , x_inv02.asm:524
invdat                          = $4380 ; addr, local, , x_inv02, , x_inv02.asm:527
dsplop                          = $4369 ; addr, local, , x_inv02, , x_inv02.asm:514
chrdat                          = $43CE ; addr, local, , x_inv02, , x_inv02.asm:557
chrda1                          = $43DE ; addr, local, , x_inv02, , x_inv02.asm:561
chrda2                          = $43EE ; addr, local, , x_inv02, , x_inv02.asm:565
chrda3                          = $43FE ; addr, local, , x_inv02, , x_inv02.asm:569
chrda4                          = $440E ; addr, local, , x_inv02, , x_inv02.asm:573
color                           = $442E ; addr, local, , x_inv02, , x_inv02.asm:579
inv1_memset                     = $44A4 ; addr, local, , x_inv02, , x_inv02.asm:659
__head                          = $4000 ; const, public, def, , ,
__tail                          = $44B3 ; const, public, def, , ,
__size                          = $04B3 ; const, public, def, , ,
