CHGMOD                          = $005F ; const, local, , DOSMAC02, , DOSMAC02.asm:5
SETGRP                          = $007E ; const, local, , DOSMAC02, , DOSMAC02.asm:7
ERAFNK                          = $00CC ; const, local, , DOSMAC02, , DOSMAC02.asm:8
KILBUF                          = $0156 ; const, local, , DOSMAC02, , DOSMAC02.asm:9
SNSMAT                          = $0141 ; const, local, , DOSMAC02, , DOSMAC02.asm:10
FNCCAL                          = $0005 ; const, local, , DOSMAC02, , DOSMAC02.asm:13
_TERM0                          = $0000 ; const, local, , DOSMAC02, , DOSMAC02.asm:16
_FOPEN                          = $000F ; const, local, , DOSMAC02, , DOSMAC02.asm:17
_FCLOSE                         = $0010 ; const, local, , DOSMAC02, , DOSMAC02.asm:18
_SETDTA                         = $001A ; const, local, , DOSMAC02, , DOSMAC02.asm:19
_RDSEQ                          = $0014 ; const, local, , DOSMAC02, , DOSMAC02.asm:20
BUFAD                           = $4000 ; const, local, , DOSMAC02, , DOSMAC02.asm:23
EXTROM                          = $015F ; const, local, , DOSMAC02, , DOSMAC02.asm:26
RG0SAV                          = $F3DF ; const, local, , DOSMAC02, , DOSMAC02.asm:32
FORCLR                          = $F3E9 ; const, local, , DOSMAC02, , DOSMAC02.asm:33
BAKCLR                          = $F3EA ; const, local, , DOSMAC02, , DOSMAC02.asm:34
BDRCLR                          = $F3EB ; const, local, , DOSMAC02, , DOSMAC02.asm:35
CALSLT                          = $001C ; const, local, , DOSMAC02, , DOSMAC02.asm:40
H_NMI                           = $015F ; const, local, , DOSMAC02, , DOSMAC02.asm:41
EXPTBL                          = $FCC1 ; const, local, , DOSMAC02, , DOSMAC02.asm:42
CONST_VDPPORT0                  = $0098 ; const, local, , DOSMAC02, , DOSMAC02.asm:45
CONST_VDPPORT1                  = $0099 ; const, local, , DOSMAC02, , DOSMAC02.asm:46
WK_VIRTVRAM                     = $C800 ; const, local, , DOSMAC02, , DOSMAC02.asm:61
Start                           = $0100 ; addr, local, , DOSMAC02, , DOSMAC02.asm:66
BiosInterSlotCall               = $0202 ; addr, local, , DOSMAC02, , DOSMAC02.asm:369
INITRANDOM                      = $01E0 ; addr, local, , DOSMAC02, , DOSMAC02.asm:312
MEMFIL                          = $01D9 ; addr, local, , DOSMAC02, , DOSMAC02.asm:302
WRTVRMFIL                       = $0285 ; addr, local, , DOSMAC02, , DOSMAC02.asm:556
FILSCREEN                       = $0145 ; addr, local, , DOSMAC02, , DOSMAC02.asm:114
FILSCREEN_UP                    = $0148 ; addr, local, , DOSMAC02, , DOSMAC02.asm:120
FILSCREEN_UP_LOOP               = $0149 ; addr, local, , DOSMAC02, , DOSMAC02.asm:124
FILSCREEN_MID                   = $0152 ; addr, local, , DOSMAC02, , DOSMAC02.asm:136
FILSCREEN_MID_LOOP              = $0153 ; addr, local, , DOSMAC02, , DOSMAC02.asm:140
FILSCREEN_DOWN                  = $015C ; addr, local, , DOSMAC02, , DOSMAC02.asm:152
FILSCREEN_DOWN_LOOP             = $015D ; addr, local, , DOSMAC02, , DOSMAC02.asm:156
FILSCREEN_END                   = $0166 ; addr, local, , DOSMAC02, , DOSMAC02.asm:168
FCB                             = $02A0 ; addr, local, , DOSMAC02, , DOSMAC02.asm:618
RETMSXDOS                       = $01D2 ; addr, local, , DOSMAC02, , DOSMAC02.asm:288
DEREGBACK                       = $01D7 ; addr, local, , DOSMAC02, , DOSMAC02.asm:295
FREAD_LOOP                      = $0181 ; addr, local, , DOSMAC02, , DOSMAC02.asm:215
FREAD_LOOPEND                   = $01AA ; addr, local, , DOSMAC02, , DOSMAC02.asm:253
WRTVRMSERIAL                    = $0290 ; addr, local, , DOSMAC02, , DOSMAC02.asm:581
KEYIN_LOOP                      = $01BE ; addr, local, , DOSMAC02, , DOSMAC02.asm:274
MEMFILLOOP                      = $01D9 ; addr, local, , DOSMAC02, , DOSMAC02.asm:304
RANDOM_SEED                     = $01FA ; addr, local, , DOSMAC02, , DOSMAC02.asm:345
RANDOMVALUE                     = $01E6 ; addr, local, , DOSMAC02, , DOSMAC02.asm:319
BiosCall                        = $01FB ; addr, local, , DOSMAC02, , DOSMAC02.asm:351
BiosCallNotFDD                  = $01FD ; addr, local, , DOSMAC02, , DOSMAC02.asm:357
BiosNotFDDSubRomCall            = $01FE ; addr, local, , DOSMAC02, , DOSMAC02.asm:363
BiosFDDSubRomCall               = $020B ; addr, local, , DOSMAC02, , DOSMAC02.asm:382
VDPRED                          = $0239 ; addr, local, , DOSMAC02, , DOSMAC02.asm:416
VDPWRT                          = $024E ; addr, local, , DOSMAC02, , DOSMAC02.asm:449
REDVRM                          = $0265 ; addr, local, , DOSMAC02, , DOSMAC02.asm:484
WRTVRM                          = $026D ; addr, local, , DOSMAC02, , DOSMAC02.asm:502
REDVRMSERIAL                    = $0275 ; addr, local, , DOSMAC02, , DOSMAC02.asm:522
REDVRMSERIALLOOP                = $027C ; addr, local, , DOSMAC02, , DOSMAC02.asm:537
WRTVRMFILLOOP                   = $0288 ; addr, local, , DOSMAC02, , DOSMAC02.asm:561
WRTVRMSERIALLOOP                = $0297 ; addr, local, , DOSMAC02, , DOSMAC02.asm:596
__head                          = $0100 ; const, public, def, , ,
__tail                          = $02C4 ; const, public, def, , ,
__size                          = $01C4 ; const, public, def, , ,
