LF                              = $000A ; const, local, , sample022, , sample022.asm:7
CR                              = $000D ; const, local, , sample022, , sample022.asm:8
CHRPUT                          = $00A2 ; const, local, , sample022, , sample022.asm:12
ENASLT                          = $0024 ; const, local, , sample022, , sample022.asm:13
INIT32                          = $006F ; const, local, , sample022, , sample022.asm:14
RSLREG                          = $0138 ; const, local, , sample022, , sample022.asm:15
SETWRT                          = $0053 ; const, local, , sample022, , sample022.asm:16
PageSize                        = $4000 ; const, local, , sample022, , sample022.asm:18
LINL32                          = $F3AF ; const, local, , sample022, , sample022.asm:21
CSRX                            = $F3DD ; const, local, , sample022, , sample022.asm:22
CSRY                            = $F3DC ; const, local, , sample022, , sample022.asm:23
EXPTBL                          = $FCC1 ; const, local, , sample022, , sample022.asm:26
Page0000hTXT                    = $0030 ; addr, local, , sample022, , sample022.asm:107
PrintP0                         = $0007 ; addr, local, , sample022, , sample022.asm:52
Code_LF                         = $0027 ; addr, local, , sample022, , sample022.asm:95
Code_CR                         = $001D ; addr, local, , sample022, , sample022.asm:83
INIT                            = $4010 ; addr, local, , sample022, , sample022.asm:127
NO_SS                           = $4054 ; addr, local, , sample022, , sample022.asm:206
NO_SS2                          = $4077 ; addr, local, , sample022, , sample022.asm:241
Page4000hTXT                    = $40AA ; addr, local, , sample022, , sample022.asm:294
Print                           = $40A1 ; addr, local, , sample022, , sample022.asm:284
Page8000hTXT                    = $8008 ; addr, local, , sample022, , sample022.asm:312
Finished                        = $8006 ; addr, local, , sample022, , sample022.asm:309
__head                          = $0000 ; const, public, def, , ,
__tail                          = $C000 ; const, public, def, , ,
__size                          = $C000 ; const, public, def, , ,
