CHGMOD                          = $005F ; const, local, , DOSMAC01, , DOSMAC01.asm:5
ERAFNK                          = $00CC ; const, local, , DOSMAC01, , DOSMAC01.asm:7
KILBUF                          = $0156 ; const, local, , DOSMAC01, , DOSMAC01.asm:8
SNSMAT                          = $0141 ; const, local, , DOSMAC01, , DOSMAC01.asm:9
EXTROM                          = $015F ; const, local, , DOSMAC01, , DOSMAC01.asm:12
RG0SAV                          = $F3DF ; const, local, , DOSMAC01, , DOSMAC01.asm:18
FORCLR                          = $F3E9 ; const, local, , DOSMAC01, , DOSMAC01.asm:19
BAKCLR                          = $F3EA ; const, local, , DOSMAC01, , DOSMAC01.asm:20
BDRCLR                          = $F3EB ; const, local, , DOSMAC01, , DOSMAC01.asm:21
CALSLT                          = $001C ; const, local, , DOSMAC01, , DOSMAC01.asm:26
H_NMI                           = $015F ; const, local, , DOSMAC01, , DOSMAC01.asm:27
EXPTBL                          = $FCC1 ; const, local, , DOSMAC01, , DOSMAC01.asm:28
H_TIMI                          = $FD9F ; const, local, , DOSMAC01, , DOSMAC01.asm:33
VBLANK_WAIT_FLG                 = $4000 ; const, local, , DOSMAC01, , DOSMAC01.asm:35
TIMER_COUNTER                   = $4001 ; const, local, , DOSMAC01, , DOSMAC01.asm:36
ADDR_BACK                       = $4002 ; const, local, , DOSMAC01, , DOSMAC01.asm:37
H_TIMI_BACKUP                   = $4004 ; const, local, , DOSMAC01, , DOSMAC01.asm:38
CONST_VDPPORT0                  = $0098 ; const, local, , DOSMAC01, , DOSMAC01.asm:41
CONST_VDPPORT1                  = $0099 ; const, local, , DOSMAC01, , DOSMAC01.asm:42
DISP_CHAR_CODE                  = $4009 ; const, local, , DOSMAC01, , DOSMAC01.asm:45
ANIME_NUM                       = $400A ; const, local, , DOSMAC01, , DOSMAC01.asm:48
RANDOM_SEED                     = $400B ; const, local, , DOSMAC01, , DOSMAC01.asm:51
VIRTVRAM                        = $400C ; const, local, , DOSMAC01, , DOSMAC01.asm:55
SCROLLBUF                       = $130C ; const, local, , DOSMAC01, , DOSMAC01.asm:58
SCREENLASTCOL                   = $160C ; const, local, , DOSMAC01, , DOSMAC01.asm:61
SCREENLASTCOLADDR               = $162C ; const, local, , DOSMAC01, , DOSMAC01.asm:64
SCROLLDESTADDR                  = $162E ; const, local, , DOSMAC01, , DOSMAC01.asm:67
PATTERNNAMETB_REDRAW            = $162F ; const, local, , DOSMAC01, , DOSMAC01.asm:70
ZKEY_PUSHED                     = $1630 ; const, local, , DOSMAC01, , DOSMAC01.asm:73
XKEY_PUSHED                     = $1631 ; const, local, , DOSMAC01, , DOSMAC01.asm:76
RAMAD3                          = $F344 ; const, local, , DOSMAC01, , DOSMAC01.asm:79
Start                           = $0100 ; addr, local, , DOSMAC01, , DOSMAC01.asm:93
MAIN                            = $0100 ; addr, local, , DOSMAC01, , DOSMAC01.asm:97
BiosInterSlotCall               = $02E0 ; addr, local, , DOSMAC01, , DOSMAC01.asm:581
INITRANDOM                      = $02BF ; addr, local, , DOSMAC01, , DOSMAC01.asm:527
MEMFIL                          = $02B8 ; addr, local, , DOSMAC01, , DOSMAC01.asm:517
SPRITE_PTN                      = $03C6 ; addr, local, , DOSMAC01, , DOSMAC01.asm:840
WRTVRMSERIAL                    = $0372 ; addr, local, , DOSMAC01, , DOSMAC01.asm:793
SPRITE_ATTR                     = $0426 ; addr, local, , DOSMAC01, , DOSMAC01.asm:860
WRTVRM                          = $034B ; addr, local, , DOSMAC01, , DOSMAC01.asm:714
ANME_7_PTN                      = $03BE ; addr, local, , DOSMAC01, , DOSMAC01.asm:837
TRAINING_BGM_START              = $0441 ; addr, local, , DOSMAC01, , AKGPlay.asm:1
PLY_AKG_INIT                    = $068E ; addr, local, , DOSMAC01, , AKGPlay.asm:542
SOUNDEFFECTS                    = $0553 ; addr, local, , DOSMAC01, , AKGPlay.asm:300
PLY_AKG_INITSOUNDEFFECTS        = $059E ; addr, local, , DOSMAC01, , AKGPlay.asm:370
INIT_H_TIMI_HANDLER             = $019C ; addr, local, , DOSMAC01, , DOSMAC01.asm:256
H_TIMI_HOOK_LOOP                = $018B ; addr, local, , DOSMAC01, , DOSMAC01.asm:194
REDRAW_SCREEN                   = $01C6 ; addr, local, , DOSMAC01, , DOSMAC01.asm:304
VBLANK_WAIT                     = $0193 ; addr, local, , DOSMAC01, , DOSMAC01.asm:233
H_TIMI_HANDLER                  = $0B69 ; addr, local, , DOSMAC01, , DOSMAC01.asm:881
REDRAW_SCREEN_PUSHZKEY          = $01D4 ; addr, local, , DOSMAC01, , DOSMAC01.asm:316
REDRAW_SCREEN_PUSHXKEY          = $01DF ; addr, local, , DOSMAC01, , DOSMAC01.asm:326
REDRAW_PROC                     = $01E8 ; addr, local, , DOSMAC01, , DOSMAC01.asm:334
PLY_AKG_PLAYSOUNDEFFECT         = $05A2 ; addr, local, , DOSMAC01, , AKGPlay.asm:373
REDRAW_SCREEN_DEC_END           = $0293 ; addr, local, , DOSMAC01, , DOSMAC01.asm:473
REDRAW_SCREEN_DISPLAY_SETLASTCOL = $01FA ; addr, local, , DOSMAC01, , DOSMAC01.asm:347
REDRAW_SCREEN_DISPLAY_LOOP      = $01FF ; addr, local, , DOSMAC01, , DOSMAC01.asm:356
RANDOMVALUE                     = $02C5 ; addr, local, , DOSMAC01, , DOSMAC01.asm:534
REDRAW_SCREEN_DISPLAY_LOOP_NEXT = $021E ; addr, local, , DOSMAC01, , DOSMAC01.asm:381
GREENCHAR                       = $0219 ; addr, local, , DOSMAC01, , DOSMAC01.asm:376
MULTILOOP1                      = $023A ; addr, local, , DOSMAC01, , DOSMAC01.asm:404
REDRAW_SCREEN_DISP              = $0278 ; addr, local, , DOSMAC01, , DOSMAC01.asm:453
REDRAW_SCREEN_INIT_TIMER        = $028B ; addr, local, , DOSMAC01, , DOSMAC01.asm:466
REDRAW_SCREEN_END               = $029A ; addr, local, , DOSMAC01, , DOSMAC01.asm:480
CREATE_CHAR_PATTERN             = $029D ; addr, local, , DOSMAC01, , DOSMAC01.asm:490
ANIME_CHAR_PTN                  = $0386 ; addr, local, , DOSMAC01, , DOSMAC01.asm:822
MEMFILLOOP                      = $02B8 ; addr, local, , DOSMAC01, , DOSMAC01.asm:519
BiosCall                        = $02D9 ; addr, local, , DOSMAC01, , DOSMAC01.asm:563
BiosCallNotFDD                  = $02DB ; addr, local, , DOSMAC01, , DOSMAC01.asm:569
BiosNotFDDSubRomCall            = $02DC ; addr, local, , DOSMAC01, , DOSMAC01.asm:575
BiosFDDSubRomCall               = $02E9 ; addr, local, , DOSMAC01, , DOSMAC01.asm:594
VDPRED                          = $0317 ; addr, local, , DOSMAC01, , DOSMAC01.asm:628
VDPWRT                          = $032C ; addr, local, , DOSMAC01, , DOSMAC01.asm:661
REDVRM                          = $0343 ; addr, local, , DOSMAC01, , DOSMAC01.asm:696
REDVRMSERIAL                    = $0353 ; addr, local, , DOSMAC01, , DOSMAC01.asm:734
REDVRMSERIALLOOP                = $035E ; addr, local, , DOSMAC01, , DOSMAC01.asm:749
WRTVRMFIL                       = $0367 ; addr, local, , DOSMAC01, , DOSMAC01.asm:768
WRTVRMFILLOOP                   = $036A ; addr, local, , DOSMAC01, , DOSMAC01.asm:773
WRTVRMSERIALLOOP                = $037D ; addr, local, , DOSMAC01, , DOSMAC01.asm:808
ANIME_0_PTN                     = $0386 ; addr, local, , DOSMAC01, , DOSMAC01.asm:823
ANIME_1_PTN                     = $038E ; addr, local, , DOSMAC01, , DOSMAC01.asm:825
ANIME_2_PTN                     = $0396 ; addr, local, , DOSMAC01, , DOSMAC01.asm:827
ANIME_3_PTN                     = $039E ; addr, local, , DOSMAC01, , DOSMAC01.asm:829
ANIME_4_PTN                     = $03A6 ; addr, local, , DOSMAC01, , DOSMAC01.asm:831
ANIME_5_PTN                     = $03AE ; addr, local, , DOSMAC01, , DOSMAC01.asm:833
ANIME_6_PTN                     = $03B6 ; addr, local, , DOSMAC01, , DOSMAC01.asm:835
TITLE_MSG                       = $0432 ; addr, local, , DOSMAC01, , DOSMAC01.asm:866
PLY_AKG_OPCODE_ADD_HL_BC_MSB    = $0441 ; addr, local, , DOSMAC01, , AKGPlay.asm:2
PLY_AKG_FULL_INIT_CODE          = $0442 ; addr, local, , DOSMAC01, , AKGPlay.asm:4
PLY_AKG_OFFSET1B                = $0442 ; addr, local, , DOSMAC01, , AKGPlay.asm:5
PLY_AKG_USE_HOOKS               = $0442 ; addr, local, , DOSMAC01, , AKGPlay.asm:6
PLY_AKG_STOP_SOUNDS             = $0442 ; addr, local, , DOSMAC01, , AKGPlay.asm:7
PLY_AKG_BITFORSOUND             = $0443 ; addr, local, , DOSMAC01, , AKGPlay.asm:9
PLY_AKG_OFFSET2B                = $0443 ; addr, local, , DOSMAC01, , AKGPlay.asm:10
PLY_AKG_SOUNDEFFECTDATA_OFFSETINVERTEDVOLUME = $0443 ; addr, local, , DOSMAC01, , AKGPlay.asm:11
RASM_VERSION                    = $0443 ; addr, local, , DOSMAC01, , AKGPlay.asm:12
PLY_AKG_SOUNDEFFECTDATA_OFFSETCURRENTSTEP = $0444 ; addr, local, , DOSMAC01, , AKGPlay.asm:14
PLY_AKG_BITFORNOISE             = $0446 ; addr, local, , DOSMAC01, , AKGPlay.asm:16
PLY_AKG_SOUNDEFFECTDATA_OFFSETSPEED = $0445 ; addr, local, , DOSMAC01, , AKGPlay.asm:17
TRAINING_BGM_ARPEGGIOTABLE      = $044F ; addr, local, , DOSMAC01, , AKGPlay.asm:25
PLY_AKG_OPCODE_ADD_HL_BC_LSB    = $044A ; addr, local, , DOSMAC01, , AKGPlay.asm:20
PLY_AKG_CHANNEL_SOUNDEFFECTDATASIZE = $0449 ; addr, local, , DOSMAC01, , AKGPlay.asm:21
TRAINING_BGM_EFFECTBLOCKTABLE   = $0487 ; addr, local, , DOSMAC01, , AKGPlay.asm:89
TRAINING_BGM_PITCHTABLE         = $044F ; addr, local, , DOSMAC01, , AKGPlay.asm:26
TRAINING_BGM_INSTRUMENTTABLE    = $044F ; addr, local, , DOSMAC01, , AKGPlay.asm:27
TRAINING_BGM_EMPTYINSTRUMENT    = $0457 ; addr, local, , DOSMAC01, , AKGPlay.asm:32
TRAINING_BGM_INSTRUMENT1        = $045A ; addr, local, , DOSMAC01, , AKGPlay.asm:37
TRAINING_BGM_INSTRUMENT2        = $0472 ; addr, local, , DOSMAC01, , AKGPlay.asm:64
TRAINING_BGM_INSTRUMENT3        = $047E ; addr, local, , DOSMAC01, , AKGPlay.asm:78
TRAINING_BGM_EMPTYINSTRUMENT_LOOP = $0458 ; addr, local, , DOSMAC01, , AKGPlay.asm:34
PLY_AKG_OPCODE_INC_HL           = $0464 ; addr, local, , DOSMAC01, , AKGPlay.asm:48
PLY_AKG_OPCODE_DEC_HL           = $046C ; addr, local, , DOSMAC01, , AKGPlay.asm:57
PLY_AKG_OPCODE_SCF              = $0478 ; addr, local, , DOSMAC01, , AKGPlay.asm:71
TRAINING_BGM_INSTRUMENT3_LOOP   = $0483 ; addr, local, , DOSMAC01, , AKGPlay.asm:84
PLY_AKG_OPCODE_SBC_HL_BC_LSB    = $0483 ; addr, local, , DOSMAC01, , AKGPlay.asm:85
TRAINING_BGM_SUBSONG0_START     = $0487 ; addr, local, , DOSMAC01, , AKGPlay.asm:90
TRAINING_BGM_SUBSONG0_LINKER    = $048E ; addr, local, , DOSMAC01, , AKGPlay.asm:98
TRAINING_BGM_SUBSONG0_LINKER_LOOP = $048E ; addr, local, , DOSMAC01, , AKGPlay.asm:99
TRAINING_BGM_SUBSONG0_TRACK0    = $04A2 ; addr, local, , DOSMAC01, , AKGPlay.asm:114
TRAINING_BGM_SUBSONG0_TRACK1    = $0512 ; addr, local, , DOSMAC01, , AKGPlay.asm:229
TRAINING_BGM_SUBSONG0_TRACK2    = $054F ; addr, local, , DOSMAC01, , AKGPlay.asm:293
TRAINING_BGM_SUBSONG0_LINKERBLOCK0 = $049A ; addr, local, , DOSMAC01, , AKGPlay.asm:107
TRAINING_BGM_SUBSONG0_SPEEDTRACK0 = $0551 ; addr, local, , DOSMAC01, , AKGPlay.asm:296
TRAINING_BGM_SUBSONG0_EVENTTRACK0 = $0552 ; addr, local, , DOSMAC01, , AKGPlay.asm:298
PLY_AKG_OPCODE_OR_A             = $04F8 ; addr, local, , DOSMAC01, , AKGPlay.asm:201
PLY_AKG_OPCODE_ADD_A_IMMEDIATE  = $0507 ; addr, local, , DOSMAC01, , AKGPlay.asm:217
PLY_AKG_OPCODE_SUB_IMMEDIATE    = $0517 ; addr, local, , DOSMAC01, , AKGPlay.asm:235
PLY_AKG_OPCODE_SBC_HL_BC_MSB    = $052E ; addr, local, , DOSMAC01, , AKGPlay.asm:259
SOUNDEFFECTS_SOUND1             = $055D ; addr, local, , DOSMAC01, , AKGPlay.asm:306
SOUNDEFFECTS_SOUND2             = $056F ; addr, local, , DOSMAC01, , AKGPlay.asm:326
SOUNDEFFECTS_SOUND1_LOOP        = $055E ; addr, local, , DOSMAC01, , AKGPlay.asm:308
SOUNDEFFECTS_SOUND2_LOOP        = $0570 ; addr, local, , DOSMAC01, , AKGPlay.asm:328
PLY_AKG_START                   = $0595 ; addr, local, , DOSMAC01, , AKGPlay.asm:366
PLY_AKG_PLAY                    = $071C ; addr, local, , DOSMAC01, , AKGPlay.asm:623
PLY_AKG_INITTABLE1_END          = $070A ; addr, local, , DOSMAC01, , AKGPlay.asm:611
PLY_AKG_PTSOUNDEFFECTTABLE      = $05A3 ; addr, local, , DOSMAC01, , AKGPlay.asm:375
PLY_AKG_CHANNEL1_SOUNDEFFECTDATA = $0676 ; addr, local, , DOSMAC01, , AKGPlay.asm:513
PLY_AKG_STOPSOUNDEFFECTFROMCHANNEL = $05CA ; addr, local, , DOSMAC01, , AKGPlay.asm:405
PLY_AKG_PLAYSOUNDEFFECTSSTREAM  = $05D8 ; addr, local, , DOSMAC01, , AKGPlay.asm:417
PLY_AKG_PSGREG8                 = $09A0 ; addr, local, , DOSMAC01, , AKGPlay.asm:1041
PLY_AKG_PSGREG01_INSTR          = $096C ; addr, local, , DOSMAC01, , AKGPlay.asm:1010
PLY_AKG_PSES_PLAY               = $0611 ; addr, local, , DOSMAC01, , AKGPlay.asm:443
PLY_AKG_CHANNEL2_SOUNDEFFECTDATA = $067E ; addr, local, , DOSMAC01, , AKGPlay.asm:524
PLY_AKG_PSGREG9                 = $09B0 ; addr, local, , DOSMAC01, , AKGPlay.asm:1052
PLY_AKG_PSGREG23_INSTR          = $097C ; addr, local, , DOSMAC01, , AKGPlay.asm:1020
PLY_AKG_CHANNEL3_SOUNDEFFECTDATA = $0686 ; addr, local, , DOSMAC01, , AKGPlay.asm:533
PLY_AKG_PSGREG10                = $09B1 ; addr, local, , DOSMAC01, , AKGPlay.asm:1053
PLY_AKG_PSGREG45_INSTR          = $098D ; addr, local, , DOSMAC01, , AKGPlay.asm:1030
PLY_AKG_PSES_READFIRSTBYTE      = $061A ; addr, local, , DOSMAC01, , AKGPlay.asm:449
PLY_AKG_PSES_SOFTWAREORSOFTWAREANDHARDWARE = $0641 ; addr, local, , DOSMAC01, , AKGPlay.asm:473
PLY_AKG_PSES_S_ENDORLOOP        = $0622 ; addr, local, , DOSMAC01, , AKGPlay.asm:457
PLY_AKG_PSES_SAVEPOINTERANDEXIT = $062A ; addr, local, , DOSMAC01, , AKGPlay.asm:462
PLY_AKG_PSES_NOTREACHED         = $063D ; addr, local, , DOSMAC01, , AKGPlay.asm:470
PLY_AKG_PSES_MANAGEVOLUMEFROMA_FILTER4BITS = $066A ; addr, local, , DOSMAC01, , AKGPlay.asm:504
PLY_AKG_PSES_READNOISEIFNEEDEDANDOPENORCLOSENOISECHANNEL = $0651 ; addr, local, , DOSMAC01, , AKGPlay.asm:481
PLY_AKG_PSES_READSOFTWAREPERIOD = $065E ; addr, local, , DOSMAC01, , AKGPlay.asm:491
PLY_AKG_PSES_READNOISEANDOPENNOISECHANNEL_OPENNOISE = $0656 ; addr, local, , DOSMAC01, , AKGPlay.asm:485
PLY_AKG_PSGREG6                 = $099F ; addr, local, , DOSMAC01, , AKGPlay.asm:1040
PLY_AKG_PSES_MANAGEVOLUMEFROMA_HARD = $066C ; addr, local, , DOSMAC01, , AKGPlay.asm:506
PLY_AKG_PSES_MVFA_NOOVERFLOW    = $0672 ; addr, local, , DOSMAC01, , AKGPlay.asm:510
PLY_AKG_CHANNEL1_SOUNDEFFECTINVERTEDVOLUME = $0678 ; addr, local, , DOSMAC01, , AKGPlay.asm:515
PLY_AKG_CHANNEL1_SOUNDEFFECTCURRENTSTEP = $0679 ; addr, local, , DOSMAC01, , AKGPlay.asm:517
PLY_AKG_CHANNEL1_SOUNDEFFECTSPEED = $067A ; addr, local, , DOSMAC01, , AKGPlay.asm:519
PLY_AKG_INSTRUMENTSTABLE        = $07A9 ; addr, local, , DOSMAC01, , AKGPlay.asm:717
PLY_AKG_CHANNEL3_READCELLEND    = $08A4 ; addr, local, , DOSMAC01, , AKGPlay.asm:883
PLY_AKG_CHANNEL1_NOTE           = $0799 ; addr, local, , DOSMAC01, , AKGPlay.asm:704
PLY_AKG_READLINKER              = $072B ; addr, local, , DOSMAC01, , AKGPlay.asm:633
PLY_AKG_INITTABLE0              = $06FA ; addr, local, , DOSMAC01, , AKGPlay.asm:600
PLY_AKG_INIT_READWORDSANDFILL   = $06F7 ; addr, local, , DOSMAC01, , AKGPlay.asm:597
PLY_AKG_INITTABLE0_END          = $0706 ; addr, local, , DOSMAC01, , AKGPlay.asm:607
PLY_AKG_ENDWITHOUTLOOP          = $0A18 ; addr, local, , DOSMAC01, , AKGPlay.asm:1128
PLY_AKG_CHANNEL1_PTINSTRUMENT   = $08EA ; addr, local, , DOSMAC01, , AKGPlay.asm:927
PLY_AKG_CHANNEL2_PTINSTRUMENT   = $0915 ; addr, local, , DOSMAC01, , AKGPlay.asm:954
PLY_AKG_CHANNEL3_PTINSTRUMENT   = $0941 ; addr, local, , DOSMAC01, , AKGPlay.asm:983
PLY_AKG_INIT_READWORDSANDFILL_LOOP = $06F1 ; addr, local, , DOSMAC01, , AKGPlay.asm:590
PLY_AKG_CHANNEL1_INVERTEDVOLUMEINTEGERANDDECIMAL = $08A9 ; addr, local, , DOSMAC01, , AKGPlay.asm:889
PLY_AKG_CHANNEL1_INVERTEDVOLUMEINTEGER = $08AB ; addr, local, , DOSMAC01, , AKGPlay.asm:888
PLY_AKG_CHANNEL2_INVERTEDVOLUMEINTEGERANDDECIMAL = $08BA ; addr, local, , DOSMAC01, , AKGPlay.asm:899
PLY_AKG_CHANNEL2_INVERTEDVOLUMEINTEGER = $08BC ; addr, local, , DOSMAC01, , AKGPlay.asm:898
PLY_AKG_CHANNEL3_INVERTEDVOLUMEINTEGERANDDECIMAL = $08CB ; addr, local, , DOSMAC01, , AKGPlay.asm:909
PLY_AKG_CHANNEL3_INVERTEDVOLUMEINTEGER = $08CD ; addr, local, , DOSMAC01, , AKGPlay.asm:908
PLY_AKG_INITTABLE1              = $0706 ; addr, local, , DOSMAC01, , AKGPlay.asm:608
PLY_AKG_PATTERNDECREASINGHEIGHT = $0726 ; addr, local, , DOSMAC01, , AKGPlay.asm:629
PLY_AKG_TICKDECREASINGCOUNTER   = $0720 ; addr, local, , DOSMAC01, , AKGPlay.asm:625
PLY_AKG_INITTABLEORA            = $070A ; addr, local, , DOSMAC01, , AKGPlay.asm:612
PLY_AKG_INITTABLEORA_END        = $070A ; addr, local, , DOSMAC01, , AKGPlay.asm:613
PLY_AKG_STOP                    = $070A ; addr, local, , DOSMAC01, , AKGPlay.asm:614
PLY_AKG_SAVESP                  = $09C0 ; addr, local, , DOSMAC01, , AKGPlay.asm:1064
PLY_AKG_SENDPSGREGISTERS        = $0964 ; addr, local, , DOSMAC01, , AKGPlay.asm:1004
PLY_AKG_SETSPEEDBEFOREPLAYSTREAMS = $08A6 ; addr, local, , DOSMAC01, , AKGPlay.asm:886
PLY_AKG_SETCURRENTLINEBEFOREREADLINE = $0754 ; addr, local, , DOSMAC01, , AKGPlay.asm:659
PLY_AKG_READLINKER_PTLINKER     = $072B ; addr, local, , DOSMAC01, , AKGPlay.asm:634
PLY_AKG_READLINKER_NOLOOP       = $0736 ; addr, local, , DOSMAC01, , AKGPlay.asm:643
PLY_AKG_CHANNEL1_READTRACK      = $0763 ; addr, local, , DOSMAC01, , AKGPlay.asm:668
PLY_AKG_CHANNEL2_READTRACK      = $07D0 ; addr, local, , DOSMAC01, , AKGPlay.asm:742
PLY_AKG_CHANNEL3_READTRACK      = $0840 ; addr, local, , DOSMAC01, , AKGPlay.asm:816
PLY_AKG_READLINE                = $0757 ; addr, local, , DOSMAC01, , AKGPlay.asm:661
PLY_AKG_CHANNEL1_READCELLEND    = $07C4 ; addr, local, , DOSMAC01, , AKGPlay.asm:735
PLY_AKG_CHANNEL2_READCELLEND    = $0834 ; addr, local, , DOSMAC01, , AKGPlay.asm:809
PLY_AKG_CHANNEL1_WAITCOUNTER    = $0757 ; addr, local, , DOSMAC01, , AKGPlay.asm:662
PLY_AKG_CHANNEL1_PTTRACK        = $0763 ; addr, local, , DOSMAC01, , AKGPlay.asm:669
PLY_AKG_CHANNEL1_MAYBEEFFECTS   = $09C4 ; addr, local, , DOSMAC01, , AKGPlay.asm:1067
PLY_AKG_CHANNEL1_WAIT           = $0789 ; addr, local, , DOSMAC01, , AKGPlay.asm:694
PLY_AKG_CHANNEL1_SMALLWAIT      = $077E ; addr, local, , DOSMAC01, , AKGPlay.asm:686
PLY_AKG_CHANNEL1_AFTERNOTEKNOWN = $079B ; addr, local, , DOSMAC01, , AKGPlay.asm:707
PLY_AKG_CHANNEL1_BEFOREEND_STORECELLPOINTER = $07C1 ; addr, local, , DOSMAC01, , AKGPlay.asm:733
PLY_AKG_CHANNEL1_SAMEINSTRUMENT = $0790 ; addr, local, , DOSMAC01, , AKGPlay.asm:699
PLY_AKG_CHANNEL1_PTBASEINSTRUMENT = $0790 ; addr, local, , DOSMAC01, , AKGPlay.asm:700
PLY_AKG_CHANNEL1_AFTERINSTRUMENT = $07BB ; addr, local, , DOSMAC01, , AKGPlay.asm:728
PLY_AKG_BASENOTEINDEX           = $0799 ; addr, local, , DOSMAC01, , AKGPlay.asm:705
PLY_AKG_CHANNEL1_TRACKNOTE      = $08E3 ; addr, local, , DOSMAC01, , AKGPlay.asm:922
PLY_AKG_CHANNEL1_INSTRUMENTSPEED = $08F6 ; addr, local, , DOSMAC01, , AKGPlay.asm:934
PLY_AKG_CHANNEL1_INSTRUMENTSTEP = $08E7 ; addr, local, , DOSMAC01, , AKGPlay.asm:925
PLY_AKG_CHANNEL2_WAITCOUNTER    = $07C4 ; addr, local, , DOSMAC01, , AKGPlay.asm:736
PLY_AKG_CHANNEL2_PTTRACK        = $07D0 ; addr, local, , DOSMAC01, , AKGPlay.asm:743
PLY_AKG_CHANNEL2_NOTE           = $0806 ; addr, local, , DOSMAC01, , AKGPlay.asm:778
PLY_AKG_CHANNEL1_READEFFECTSEND = $09CA ; addr, local, , DOSMAC01, , AKGPlay.asm:1070
PLY_AKG_CHANNEL2_WAIT           = $07F6 ; addr, local, , DOSMAC01, , AKGPlay.asm:768
PLY_AKG_CHANNEL2_SMALLWAIT      = $07EB ; addr, local, , DOSMAC01, , AKGPlay.asm:760
PLY_AKG_CHANNEL2_AFTERNOTEKNOWN = $080B ; addr, local, , DOSMAC01, , AKGPlay.asm:782
PLY_AKG_CHANNEL2_BEFOREEND_STORECELLPOINTER = $0831 ; addr, local, , DOSMAC01, , AKGPlay.asm:807
PLY_AKG_CHANNEL2_SAMEINSTRUMENT = $07FD ; addr, local, , DOSMAC01, , AKGPlay.asm:773
PLY_AKG_CHANNEL2_PTBASEINSTRUMENT = $07FD ; addr, local, , DOSMAC01, , AKGPlay.asm:774
PLY_AKG_CHANNEL2_AFTERINSTRUMENT = $082B ; addr, local, , DOSMAC01, , AKGPlay.asm:802
PLY_AKG_CHANNEL2_TRACKNOTE      = $090E ; addr, local, , DOSMAC01, , AKGPlay.asm:949
PLY_AKG_CHANNEL2_INSTRUMENTSPEED = $0921 ; addr, local, , DOSMAC01, , AKGPlay.asm:962
PLY_AKG_CHANNEL2_INSTRUMENTSTEP = $0912 ; addr, local, , DOSMAC01, , AKGPlay.asm:952
PLY_AKG_CHANNEL3_WAITCOUNTER    = $0834 ; addr, local, , DOSMAC01, , AKGPlay.asm:810
PLY_AKG_CHANNEL3_PTTRACK        = $0840 ; addr, local, , DOSMAC01, , AKGPlay.asm:817
PLY_AKG_CHANNEL3_NOTE           = $0876 ; addr, local, , DOSMAC01, , AKGPlay.asm:852
PLY_AKG_CHANNEL2_READEFFECTSEND = $09D0 ; addr, local, , DOSMAC01, , AKGPlay.asm:1074
PLY_AKG_CHANNEL3_WAIT           = $0866 ; addr, local, , DOSMAC01, , AKGPlay.asm:842
PLY_AKG_CHANNEL3_SMALLWAIT      = $085B ; addr, local, , DOSMAC01, , AKGPlay.asm:834
PLY_AKG_CHANNEL3_AFTERNOTEKNOWN = $087B ; addr, local, , DOSMAC01, , AKGPlay.asm:856
PLY_AKG_CHANNEL3_BEFOREEND_STORECELLPOINTER = $08A1 ; addr, local, , DOSMAC01, , AKGPlay.asm:881
PLY_AKG_CHANNEL3_SAMEINSTRUMENT = $086D ; addr, local, , DOSMAC01, , AKGPlay.asm:847
PLY_AKG_CHANNEL3_PTBASEINSTRUMENT = $086D ; addr, local, , DOSMAC01, , AKGPlay.asm:848
PLY_AKG_CHANNEL3_AFTERINSTRUMENT = $089B ; addr, local, , DOSMAC01, , AKGPlay.asm:876
PLY_AKG_CHANNEL3_TRACKNOTE      = $093A ; addr, local, , DOSMAC01, , AKGPlay.asm:978
PLY_AKG_CHANNEL3_INSTRUMENTSPEED = $094D ; addr, local, , DOSMAC01, , AKGPlay.asm:991
PLY_AKG_CHANNEL3_INSTRUMENTSTEP = $093E ; addr, local, , DOSMAC01, , AKGPlay.asm:981
PLY_AKG_CURRENTSPEED            = $08A4 ; addr, local, , DOSMAC01, , AKGPlay.asm:884
PLY_AKG_CHANNEL1_GENERATEDCURRENTINVERTEDVOLUME = $08ED ; addr, local, , DOSMAC01, , AKGPlay.asm:929
PLY_AKG_CHANNEL1_SOUNDSTREAM_RELATIVEMODIFIERADDRESS = $08B6 ; addr, local, , DOSMAC01, , AKGPlay.asm:895
PLY_AKG_CHANNEL1_PLAYINSTRUMENT_RELATIVEMODIFIERADDRESS = $08E0 ; addr, local, , DOSMAC01, , AKGPlay.asm:919
PLY_AKG_CHANNEL2_GENERATEDCURRENTINVERTEDVOLUME = $0918 ; addr, local, , DOSMAC01, , AKGPlay.asm:956
PLY_AKG_CHANNEL2_SOUNDSTREAM_RELATIVEMODIFIERADDRESS = $08C7 ; addr, local, , DOSMAC01, , AKGPlay.asm:905
PLY_AKG_CHANNEL2_PLAYINSTRUMENT_RELATIVEMODIFIERADDRESS = $090B ; addr, local, , DOSMAC01, , AKGPlay.asm:946
PLY_AKG_CHANNEL3_GENERATEDCURRENTINVERTEDVOLUME = $0944 ; addr, local, , DOSMAC01, , AKGPlay.asm:985
PLY_AKG_CHANNEL3_SOUNDSTREAM_RELATIVEMODIFIERADDRESS = $08D8 ; addr, local, , DOSMAC01, , AKGPlay.asm:915
PLY_AKG_CHANNEL3_PLAYINSTRUMENT_RELATIVEMODIFIERADDRESS = $0937 ; addr, local, , DOSMAC01, , AKGPlay.asm:975
PLY_AKG_CHANNEL1_GENERATEDCURRENTPITCH = $08E0 ; addr, local, , DOSMAC01, , AKGPlay.asm:920
PLY_AKG_CHANNEL3_READEFFECTSEND = $09D6 ; addr, local, , DOSMAC01, , AKGPlay.asm:1078
PLY_AKG_CHANNEL1_SETINSTRUMENTSTEP = $08FE ; addr, local, , DOSMAC01, , AKGPlay.asm:939
PLY_AKG_CHANNEL2_GENERATEDCURRENTPITCH = $090B ; addr, local, , DOSMAC01, , AKGPlay.asm:947
PLY_AKG_CHANNEL2_SETINSTRUMENTSTEP = $0929 ; addr, local, , DOSMAC01, , AKGPlay.asm:967
PLY_AKG_CHANNEL3_GENERATEDCURRENTPITCH = $0937 ; addr, local, , DOSMAC01, , AKGPlay.asm:976
PLY_AKG_CHANNEL3_SETINSTRUMENTSTEP = $0955 ; addr, local, , DOSMAC01, , AKGPlay.asm:996
PLY_AKG_PSGREG6_8_INSTR         = $099E ; addr, local, , DOSMAC01, , AKGPlay.asm:1042
PLY_AKG_PSGREG9_10_INSTR        = $09AF ; addr, local, , DOSMAC01, , AKGPlay.asm:1054
PLY_AKG_CHANNEL2_MAYBEEFFECTS   = $09CA ; addr, local, , DOSMAC01, , AKGPlay.asm:1071
PLY_AKG_CHANNEL3_MAYBEEFFECTS   = $09D0 ; addr, local, , DOSMAC01, , AKGPlay.asm:1075
PLY_AKG_READINSTRUMENTCELL      = $09D6 ; addr, local, , DOSMAC01, , AKGPlay.asm:1079
PLY_AKG_S_OR_H_OR_SAH_OR_ENDWITHLOOP = $0A23 ; addr, local, , DOSMAC01, , AKGPlay.asm:1138
PLY_AKG_STH_OR_ENDWITHOUTLOOP   = $0A20 ; addr, local, , DOSMAC01, , AKGPlay.asm:1135
PLY_AKG_NOSOFTNOHARD            = $09E1 ; addr, local, , DOSMAC01, , AKGPlay.asm:1088
PLY_AKG_NSNH_NONOISE            = $09F6 ; addr, local, , DOSMAC01, , AKGPlay.asm:1102
PLY_AKG_SOFT                    = $09F9 ; addr, local, , DOSMAC01, , AKGPlay.asm:1105
PLY_AKG_SOFTONLY_HARDONLY_TESTSIMPLE_COMMON = $0A00 ; addr, local, , DOSMAC01, , AKGPlay.asm:1111
PLY_AKG_S_NOTSIMPLE             = $0A08 ; addr, local, , DOSMAC01, , AKGPlay.asm:1116
PLY_AKG_S_AFTERSIMPLETEST       = $0A0B ; addr, local, , DOSMAC01, , AKGPlay.asm:1120
PLY_AKG_S_OR_H_CHECKIFSIMPLEFIRST_CALCULATEPERIOD = $0A31 ; addr, local, , DOSMAC01, , AKGPlay.asm:1150
PLY_AKG_EMPTYINSTRUMENTDATAPT   = $0A18 ; addr, local, , DOSMAC01, , AKGPlay.asm:1129
PLY_AKG_H_OR_ENDWITHLOOP        = $0A2A ; addr, local, , DOSMAC01, , AKGPlay.asm:1143
PLY_AKG_ENDWITHLOOP             = $0A2A ; addr, local, , DOSMAC01, , AKGPlay.asm:1144
PLY_AKG_S_OR_H_NEXTBYTE         = $0A47 ; addr, local, , DOSMAC01, , AKGPlay.asm:1167
PLY_AKG_PERIODTABLE             = $0A69 ; addr, local, , DOSMAC01, , AKGPlay.asm:1197
PLY_AKG_S_OR_H_AFTERPITCH       = $0A5B ; addr, local, , DOSMAC01, , AKGPlay.asm:1184
H_TIMI_HANDLER_GO_BACKUPPROC    = $0B73 ; addr, local, , DOSMAC01, , DOSMAC01.asm:903
SkipPatterNameTableRedraw       = $0BA3 ; addr, local, , DOSMAC01, , DOSMAC01.asm:940
NOTPUSHZKEY                     = $0BC6 ; addr, local, , DOSMAC01, , DOSMAC01.asm:970
H_TIMI_HANDLER_END              = $0BD1 ; addr, local, , DOSMAC01, , DOSMAC01.asm:980
__head                          = $0100 ; const, public, def, , ,
__tail                          = $0BD4 ; const, public, def, , ,
__size                          = $0AD4 ; const, public, def, , ,
