CHGMOD                          = $005F ; const, local, , DOSMAC01, , DOSMAC01.asm:5
ERAFNK                          = $00CC ; const, local, , DOSMAC01, , DOSMAC01.asm:7
KILBUF                          = $0156 ; const, local, , DOSMAC01, , DOSMAC01.asm:8
SNSMAT                          = $0141 ; const, local, , DOSMAC01, , DOSMAC01.asm:9
EXTROM                          = $015F ; const, local, , DOSMAC01, , DOSMAC01.asm:12
RG0SAV                          = $F3DF ; const, local, , DOSMAC01, , DOSMAC01.asm:18
FORCLR                          = $F3E9 ; const, local, , DOSMAC01, , DOSMAC01.asm:19
BAKCLR                          = $F3EA ; const, local, , DOSMAC01, , DOSMAC01.asm:20
BDRCLR                          = $F3EB ; const, local, , DOSMAC01, , DOSMAC01.asm:21
CALSLT                          = $001C ; const, local, , DOSMAC01, , DOSMAC01.asm:26
H_NMI                           = $015F ; const, local, , DOSMAC01, , DOSMAC01.asm:27
EXPTBL                          = $FCC1 ; const, local, , DOSMAC01, , DOSMAC01.asm:28
H_TIMI                          = $FD9F ; const, local, , DOSMAC01, , DOSMAC01.asm:33
VBLANK_WAIT_FLG                 = $4000 ; const, local, , DOSMAC01, , DOSMAC01.asm:35
TIMER_COUNTER                   = $4001 ; const, local, , DOSMAC01, , DOSMAC01.asm:36
ADDR_BACK                       = $4002 ; const, local, , DOSMAC01, , DOSMAC01.asm:37
H_TIMI_BACKUP                   = $4004 ; const, local, , DOSMAC01, , DOSMAC01.asm:38
CONST_VDPPORT0                  = $0098 ; const, local, , DOSMAC01, , DOSMAC01.asm:41
CONST_VDPPORT1                  = $0099 ; const, local, , DOSMAC01, , DOSMAC01.asm:42
DISP_CHAR_CODE                  = $4009 ; const, local, , DOSMAC01, , DOSMAC01.asm:45
ANIME_NUM                       = $400A ; const, local, , DOSMAC01, , DOSMAC01.asm:48
RANDOM_SEED                     = $400B ; const, local, , DOSMAC01, , DOSMAC01.asm:51
VIRTVRAM                        = $400C ; const, local, , DOSMAC01, , DOSMAC01.asm:55
SCROLLBUF                       = $130C ; const, local, , DOSMAC01, , DOSMAC01.asm:58
SCREENLASTCOL                   = $160C ; const, local, , DOSMAC01, , DOSMAC01.asm:61
SCREENLASTCOLADDR               = $162C ; const, local, , DOSMAC01, , DOSMAC01.asm:64
SCROLLDESTADDR                  = $162E ; const, local, , DOSMAC01, , DOSMAC01.asm:67
PATTERNNAMETB_REDRAW            = $162F ; const, local, , DOSMAC01, , DOSMAC01.asm:70
RAMAD3                          = $F344 ; const, local, , DOSMAC01, , DOSMAC01.asm:73
Start                           = $0100 ; addr, local, , DOSMAC01, , DOSMAC01.asm:78
MAIN                            = $0100 ; addr, local, , DOSMAC01, , DOSMAC01.asm:82
BiosInterSlotCall               = $032A ; addr, local, , DOSMAC01, , DOSMAC01.asm:653
INITRANDOM                      = $0309 ; addr, local, , DOSMAC01, , DOSMAC01.asm:599
MEMFIL                          = $0302 ; addr, local, , DOSMAC01, , DOSMAC01.asm:589
SPRITE_PTN                      = $0410 ; addr, local, , DOSMAC01, , DOSMAC01.asm:912
WRTVRMSERIAL                    = $03BC ; addr, local, , DOSMAC01, , DOSMAC01.asm:865
SPRITE_ATTR                     = $0470 ; addr, local, , DOSMAC01, , DOSMAC01.asm:932
WRTVRM                          = $0395 ; addr, local, , DOSMAC01, , DOSMAC01.asm:786
ANME_7_PTN                      = $0408 ; addr, local, , DOSMAC01, , DOSMAC01.asm:909
TRAINING_BGM_START              = $048B ; addr, local, , DOSMAC01, , AKGPlay.asm:1
PLY_AKG_INIT                    = $06D8 ; addr, local, , DOSMAC01, , AKGPlay.asm:542
SOUNDEFFECTS                    = $059D ; addr, local, , DOSMAC01, , AKGPlay.asm:300
PLY_AKG_INITSOUNDEFFECTS        = $05E8 ; addr, local, , DOSMAC01, , AKGPlay.asm:370
INIT_H_TIMI_HANDLER             = $019C ; addr, local, , DOSMAC01, , DOSMAC01.asm:241
H_TIMI_HOOK_LOOP                = $018B ; addr, local, , DOSMAC01, , DOSMAC01.asm:179
REDRAW_SCREEN                   = $0204 ; addr, local, , DOSMAC01, , DOSMAC01.asm:367
VBLANK_WAIT                     = $0193 ; addr, local, , DOSMAC01, , DOSMAC01.asm:218
H_TIMI_HANDLER                  = $01C6 ; addr, local, , DOSMAC01, , DOSMAC01.asm:289
H_TIMI_HANDLER_GO_BACKUPPROC    = $01D0 ; addr, local, , DOSMAC01, , DOSMAC01.asm:311
PLY_AKG_PLAY                    = $0766 ; addr, local, , DOSMAC01, , AKGPlay.asm:623
SkipPatterNameTableRedraw       = $0200 ; addr, local, , DOSMAC01, , DOSMAC01.asm:348
CREATE_CHAR_PATTERN             = $02E7 ; addr, local, , DOSMAC01, , DOSMAC01.asm:562
TITLE_MSG                       = $047C ; addr, local, , DOSMAC01, , DOSMAC01.asm:938
PUSHZKEY                        = $021E ; addr, local, , DOSMAC01, , DOSMAC01.asm:388
PUSHXKEY                        = $0229 ; addr, local, , DOSMAC01, , DOSMAC01.asm:398
REDRAW_PROC                     = $0232 ; addr, local, , DOSMAC01, , DOSMAC01.asm:406
PLY_AKG_PLAYSOUNDEFFECT         = $05EC ; addr, local, , DOSMAC01, , AKGPlay.asm:373
REDRAW_SCREEN_DEC_END           = $02DD ; addr, local, , DOSMAC01, , DOSMAC01.asm:545
REDRAW_SCREEN_DISPLAY_SETLASTCOL = $0244 ; addr, local, , DOSMAC01, , DOSMAC01.asm:419
REDRAW_SCREEN_DISPLAY_LOOP      = $0249 ; addr, local, , DOSMAC01, , DOSMAC01.asm:428
RANDOMVALUE                     = $030F ; addr, local, , DOSMAC01, , DOSMAC01.asm:606
REDRAW_SCREEN_DISPLAY_LOOP_NEXT = $0268 ; addr, local, , DOSMAC01, , DOSMAC01.asm:453
GREENCHAR                       = $0263 ; addr, local, , DOSMAC01, , DOSMAC01.asm:448
MULTILOOP1                      = $0284 ; addr, local, , DOSMAC01, , DOSMAC01.asm:476
REDRAW_SCREEN_DISP              = $02C2 ; addr, local, , DOSMAC01, , DOSMAC01.asm:525
REDRAW_SCREEN_INIT_TIMER        = $02D5 ; addr, local, , DOSMAC01, , DOSMAC01.asm:538
REDRAW_SCREEN_END               = $02E4 ; addr, local, , DOSMAC01, , DOSMAC01.asm:552
ANIME_CHAR_PTN                  = $03D0 ; addr, local, , DOSMAC01, , DOSMAC01.asm:894
MEMFILLOOP                      = $0302 ; addr, local, , DOSMAC01, , DOSMAC01.asm:591
BiosCall                        = $0323 ; addr, local, , DOSMAC01, , DOSMAC01.asm:635
BiosCallNotFDD                  = $0325 ; addr, local, , DOSMAC01, , DOSMAC01.asm:641
BiosNotFDDSubRomCall            = $0326 ; addr, local, , DOSMAC01, , DOSMAC01.asm:647
BiosFDDSubRomCall               = $0333 ; addr, local, , DOSMAC01, , DOSMAC01.asm:666
VDPRED                          = $0361 ; addr, local, , DOSMAC01, , DOSMAC01.asm:700
VDPWRT                          = $0376 ; addr, local, , DOSMAC01, , DOSMAC01.asm:733
REDVRM                          = $038D ; addr, local, , DOSMAC01, , DOSMAC01.asm:768
REDVRMSERIAL                    = $039D ; addr, local, , DOSMAC01, , DOSMAC01.asm:806
REDVRMSERIALLOOP                = $03A8 ; addr, local, , DOSMAC01, , DOSMAC01.asm:821
WRTVRMFIL                       = $03B1 ; addr, local, , DOSMAC01, , DOSMAC01.asm:840
WRTVRMFILLOOP                   = $03B4 ; addr, local, , DOSMAC01, , DOSMAC01.asm:845
WRTVRMSERIALLOOP                = $03C7 ; addr, local, , DOSMAC01, , DOSMAC01.asm:880
ANIME_0_PTN                     = $03D0 ; addr, local, , DOSMAC01, , DOSMAC01.asm:895
ANIME_1_PTN                     = $03D8 ; addr, local, , DOSMAC01, , DOSMAC01.asm:897
ANIME_2_PTN                     = $03E0 ; addr, local, , DOSMAC01, , DOSMAC01.asm:899
ANIME_3_PTN                     = $03E8 ; addr, local, , DOSMAC01, , DOSMAC01.asm:901
ANIME_4_PTN                     = $03F0 ; addr, local, , DOSMAC01, , DOSMAC01.asm:903
ANIME_5_PTN                     = $03F8 ; addr, local, , DOSMAC01, , DOSMAC01.asm:905
ANIME_6_PTN                     = $0400 ; addr, local, , DOSMAC01, , DOSMAC01.asm:907
PLY_AKG_OPCODE_ADD_HL_BC_MSB    = $048B ; addr, local, , DOSMAC01, , AKGPlay.asm:2
PLY_AKG_FULL_INIT_CODE          = $048C ; addr, local, , DOSMAC01, , AKGPlay.asm:4
PLY_AKG_OFFSET1B                = $048C ; addr, local, , DOSMAC01, , AKGPlay.asm:5
PLY_AKG_USE_HOOKS               = $048C ; addr, local, , DOSMAC01, , AKGPlay.asm:6
PLY_AKG_STOP_SOUNDS             = $048C ; addr, local, , DOSMAC01, , AKGPlay.asm:7
PLY_AKG_BITFORSOUND             = $048D ; addr, local, , DOSMAC01, , AKGPlay.asm:9
PLY_AKG_OFFSET2B                = $048D ; addr, local, , DOSMAC01, , AKGPlay.asm:10
PLY_AKG_SOUNDEFFECTDATA_OFFSETINVERTEDVOLUME = $048D ; addr, local, , DOSMAC01, , AKGPlay.asm:11
RASM_VERSION                    = $048D ; addr, local, , DOSMAC01, , AKGPlay.asm:12
PLY_AKG_SOUNDEFFECTDATA_OFFSETCURRENTSTEP = $048E ; addr, local, , DOSMAC01, , AKGPlay.asm:14
PLY_AKG_BITFORNOISE             = $0490 ; addr, local, , DOSMAC01, , AKGPlay.asm:16
PLY_AKG_SOUNDEFFECTDATA_OFFSETSPEED = $048F ; addr, local, , DOSMAC01, , AKGPlay.asm:17
TRAINING_BGM_ARPEGGIOTABLE      = $0499 ; addr, local, , DOSMAC01, , AKGPlay.asm:25
PLY_AKG_OPCODE_ADD_HL_BC_LSB    = $0494 ; addr, local, , DOSMAC01, , AKGPlay.asm:20
PLY_AKG_CHANNEL_SOUNDEFFECTDATASIZE = $0493 ; addr, local, , DOSMAC01, , AKGPlay.asm:21
TRAINING_BGM_EFFECTBLOCKTABLE   = $04D1 ; addr, local, , DOSMAC01, , AKGPlay.asm:89
TRAINING_BGM_PITCHTABLE         = $0499 ; addr, local, , DOSMAC01, , AKGPlay.asm:26
TRAINING_BGM_INSTRUMENTTABLE    = $0499 ; addr, local, , DOSMAC01, , AKGPlay.asm:27
TRAINING_BGM_EMPTYINSTRUMENT    = $04A1 ; addr, local, , DOSMAC01, , AKGPlay.asm:32
TRAINING_BGM_INSTRUMENT1        = $04A4 ; addr, local, , DOSMAC01, , AKGPlay.asm:37
TRAINING_BGM_INSTRUMENT2        = $04BC ; addr, local, , DOSMAC01, , AKGPlay.asm:64
TRAINING_BGM_INSTRUMENT3        = $04C8 ; addr, local, , DOSMAC01, , AKGPlay.asm:78
TRAINING_BGM_EMPTYINSTRUMENT_LOOP = $04A2 ; addr, local, , DOSMAC01, , AKGPlay.asm:34
PLY_AKG_OPCODE_INC_HL           = $04AE ; addr, local, , DOSMAC01, , AKGPlay.asm:48
PLY_AKG_OPCODE_DEC_HL           = $04B6 ; addr, local, , DOSMAC01, , AKGPlay.asm:57
PLY_AKG_OPCODE_SCF              = $04C2 ; addr, local, , DOSMAC01, , AKGPlay.asm:71
TRAINING_BGM_INSTRUMENT3_LOOP   = $04CD ; addr, local, , DOSMAC01, , AKGPlay.asm:84
PLY_AKG_OPCODE_SBC_HL_BC_LSB    = $04CD ; addr, local, , DOSMAC01, , AKGPlay.asm:85
TRAINING_BGM_SUBSONG0_START     = $04D1 ; addr, local, , DOSMAC01, , AKGPlay.asm:90
TRAINING_BGM_SUBSONG0_LINKER    = $04D8 ; addr, local, , DOSMAC01, , AKGPlay.asm:98
TRAINING_BGM_SUBSONG0_LINKER_LOOP = $04D8 ; addr, local, , DOSMAC01, , AKGPlay.asm:99
TRAINING_BGM_SUBSONG0_TRACK0    = $04EC ; addr, local, , DOSMAC01, , AKGPlay.asm:114
TRAINING_BGM_SUBSONG0_TRACK1    = $055C ; addr, local, , DOSMAC01, , AKGPlay.asm:229
TRAINING_BGM_SUBSONG0_TRACK2    = $0599 ; addr, local, , DOSMAC01, , AKGPlay.asm:293
TRAINING_BGM_SUBSONG0_LINKERBLOCK0 = $04E4 ; addr, local, , DOSMAC01, , AKGPlay.asm:107
TRAINING_BGM_SUBSONG0_SPEEDTRACK0 = $059B ; addr, local, , DOSMAC01, , AKGPlay.asm:296
TRAINING_BGM_SUBSONG0_EVENTTRACK0 = $059C ; addr, local, , DOSMAC01, , AKGPlay.asm:298
PLY_AKG_OPCODE_OR_A             = $0542 ; addr, local, , DOSMAC01, , AKGPlay.asm:201
PLY_AKG_OPCODE_ADD_A_IMMEDIATE  = $0551 ; addr, local, , DOSMAC01, , AKGPlay.asm:217
PLY_AKG_OPCODE_SUB_IMMEDIATE    = $0561 ; addr, local, , DOSMAC01, , AKGPlay.asm:235
PLY_AKG_OPCODE_SBC_HL_BC_MSB    = $0578 ; addr, local, , DOSMAC01, , AKGPlay.asm:259
SOUNDEFFECTS_SOUND1             = $05A7 ; addr, local, , DOSMAC01, , AKGPlay.asm:306
SOUNDEFFECTS_SOUND2             = $05B9 ; addr, local, , DOSMAC01, , AKGPlay.asm:326
SOUNDEFFECTS_SOUND1_LOOP        = $05A8 ; addr, local, , DOSMAC01, , AKGPlay.asm:308
SOUNDEFFECTS_SOUND2_LOOP        = $05BA ; addr, local, , DOSMAC01, , AKGPlay.asm:328
PLY_AKG_START                   = $05DF ; addr, local, , DOSMAC01, , AKGPlay.asm:366
PLY_AKG_INITTABLE1_END          = $0754 ; addr, local, , DOSMAC01, , AKGPlay.asm:611
PLY_AKG_PTSOUNDEFFECTTABLE      = $05ED ; addr, local, , DOSMAC01, , AKGPlay.asm:375
PLY_AKG_CHANNEL1_SOUNDEFFECTDATA = $06C0 ; addr, local, , DOSMAC01, , AKGPlay.asm:513
PLY_AKG_STOPSOUNDEFFECTFROMCHANNEL = $0614 ; addr, local, , DOSMAC01, , AKGPlay.asm:405
PLY_AKG_PLAYSOUNDEFFECTSSTREAM  = $0622 ; addr, local, , DOSMAC01, , AKGPlay.asm:417
PLY_AKG_PSGREG8                 = $09EA ; addr, local, , DOSMAC01, , AKGPlay.asm:1041
PLY_AKG_PSGREG01_INSTR          = $09B6 ; addr, local, , DOSMAC01, , AKGPlay.asm:1010
PLY_AKG_PSES_PLAY               = $065B ; addr, local, , DOSMAC01, , AKGPlay.asm:443
PLY_AKG_CHANNEL2_SOUNDEFFECTDATA = $06C8 ; addr, local, , DOSMAC01, , AKGPlay.asm:524
PLY_AKG_PSGREG9                 = $09FA ; addr, local, , DOSMAC01, , AKGPlay.asm:1052
PLY_AKG_PSGREG23_INSTR          = $09C6 ; addr, local, , DOSMAC01, , AKGPlay.asm:1020
PLY_AKG_CHANNEL3_SOUNDEFFECTDATA = $06D0 ; addr, local, , DOSMAC01, , AKGPlay.asm:533
PLY_AKG_PSGREG10                = $09FB ; addr, local, , DOSMAC01, , AKGPlay.asm:1053
PLY_AKG_PSGREG45_INSTR          = $09D7 ; addr, local, , DOSMAC01, , AKGPlay.asm:1030
PLY_AKG_PSES_READFIRSTBYTE      = $0664 ; addr, local, , DOSMAC01, , AKGPlay.asm:449
PLY_AKG_PSES_SOFTWAREORSOFTWAREANDHARDWARE = $068B ; addr, local, , DOSMAC01, , AKGPlay.asm:473
PLY_AKG_PSES_S_ENDORLOOP        = $066C ; addr, local, , DOSMAC01, , AKGPlay.asm:457
PLY_AKG_PSES_SAVEPOINTERANDEXIT = $0674 ; addr, local, , DOSMAC01, , AKGPlay.asm:462
PLY_AKG_PSES_NOTREACHED         = $0687 ; addr, local, , DOSMAC01, , AKGPlay.asm:470
PLY_AKG_PSES_MANAGEVOLUMEFROMA_FILTER4BITS = $06B4 ; addr, local, , DOSMAC01, , AKGPlay.asm:504
PLY_AKG_PSES_READNOISEIFNEEDEDANDOPENORCLOSENOISECHANNEL = $069B ; addr, local, , DOSMAC01, , AKGPlay.asm:481
PLY_AKG_PSES_READSOFTWAREPERIOD = $06A8 ; addr, local, , DOSMAC01, , AKGPlay.asm:491
PLY_AKG_PSES_READNOISEANDOPENNOISECHANNEL_OPENNOISE = $06A0 ; addr, local, , DOSMAC01, , AKGPlay.asm:485
PLY_AKG_PSGREG6                 = $09E9 ; addr, local, , DOSMAC01, , AKGPlay.asm:1040
PLY_AKG_PSES_MANAGEVOLUMEFROMA_HARD = $06B6 ; addr, local, , DOSMAC01, , AKGPlay.asm:506
PLY_AKG_PSES_MVFA_NOOVERFLOW    = $06BC ; addr, local, , DOSMAC01, , AKGPlay.asm:510
PLY_AKG_CHANNEL1_SOUNDEFFECTINVERTEDVOLUME = $06C2 ; addr, local, , DOSMAC01, , AKGPlay.asm:515
PLY_AKG_CHANNEL1_SOUNDEFFECTCURRENTSTEP = $06C3 ; addr, local, , DOSMAC01, , AKGPlay.asm:517
PLY_AKG_CHANNEL1_SOUNDEFFECTSPEED = $06C4 ; addr, local, , DOSMAC01, , AKGPlay.asm:519
PLY_AKG_INSTRUMENTSTABLE        = $07F3 ; addr, local, , DOSMAC01, , AKGPlay.asm:717
PLY_AKG_CHANNEL3_READCELLEND    = $08EE ; addr, local, , DOSMAC01, , AKGPlay.asm:883
PLY_AKG_CHANNEL1_NOTE           = $07E3 ; addr, local, , DOSMAC01, , AKGPlay.asm:704
PLY_AKG_READLINKER              = $0775 ; addr, local, , DOSMAC01, , AKGPlay.asm:633
PLY_AKG_INITTABLE0              = $0744 ; addr, local, , DOSMAC01, , AKGPlay.asm:600
PLY_AKG_INIT_READWORDSANDFILL   = $0741 ; addr, local, , DOSMAC01, , AKGPlay.asm:597
PLY_AKG_INITTABLE0_END          = $0750 ; addr, local, , DOSMAC01, , AKGPlay.asm:607
PLY_AKG_ENDWITHOUTLOOP          = $0A62 ; addr, local, , DOSMAC01, , AKGPlay.asm:1128
PLY_AKG_CHANNEL1_PTINSTRUMENT   = $0934 ; addr, local, , DOSMAC01, , AKGPlay.asm:927
PLY_AKG_CHANNEL2_PTINSTRUMENT   = $095F ; addr, local, , DOSMAC01, , AKGPlay.asm:954
PLY_AKG_CHANNEL3_PTINSTRUMENT   = $098B ; addr, local, , DOSMAC01, , AKGPlay.asm:983
PLY_AKG_INIT_READWORDSANDFILL_LOOP = $073B ; addr, local, , DOSMAC01, , AKGPlay.asm:590
PLY_AKG_CHANNEL1_INVERTEDVOLUMEINTEGERANDDECIMAL = $08F3 ; addr, local, , DOSMAC01, , AKGPlay.asm:889
PLY_AKG_CHANNEL1_INVERTEDVOLUMEINTEGER = $08F5 ; addr, local, , DOSMAC01, , AKGPlay.asm:888
PLY_AKG_CHANNEL2_INVERTEDVOLUMEINTEGERANDDECIMAL = $0904 ; addr, local, , DOSMAC01, , AKGPlay.asm:899
PLY_AKG_CHANNEL2_INVERTEDVOLUMEINTEGER = $0906 ; addr, local, , DOSMAC01, , AKGPlay.asm:898
PLY_AKG_CHANNEL3_INVERTEDVOLUMEINTEGERANDDECIMAL = $0915 ; addr, local, , DOSMAC01, , AKGPlay.asm:909
PLY_AKG_CHANNEL3_INVERTEDVOLUMEINTEGER = $0917 ; addr, local, , DOSMAC01, , AKGPlay.asm:908
PLY_AKG_INITTABLE1              = $0750 ; addr, local, , DOSMAC01, , AKGPlay.asm:608
PLY_AKG_PATTERNDECREASINGHEIGHT = $0770 ; addr, local, , DOSMAC01, , AKGPlay.asm:629
PLY_AKG_TICKDECREASINGCOUNTER   = $076A ; addr, local, , DOSMAC01, , AKGPlay.asm:625
PLY_AKG_INITTABLEORA            = $0754 ; addr, local, , DOSMAC01, , AKGPlay.asm:612
PLY_AKG_INITTABLEORA_END        = $0754 ; addr, local, , DOSMAC01, , AKGPlay.asm:613
PLY_AKG_STOP                    = $0754 ; addr, local, , DOSMAC01, , AKGPlay.asm:614
PLY_AKG_SAVESP                  = $0A0A ; addr, local, , DOSMAC01, , AKGPlay.asm:1064
PLY_AKG_SENDPSGREGISTERS        = $09AE ; addr, local, , DOSMAC01, , AKGPlay.asm:1004
PLY_AKG_SETSPEEDBEFOREPLAYSTREAMS = $08F0 ; addr, local, , DOSMAC01, , AKGPlay.asm:886
PLY_AKG_SETCURRENTLINEBEFOREREADLINE = $079E ; addr, local, , DOSMAC01, , AKGPlay.asm:659
PLY_AKG_READLINKER_PTLINKER     = $0775 ; addr, local, , DOSMAC01, , AKGPlay.asm:634
PLY_AKG_READLINKER_NOLOOP       = $0780 ; addr, local, , DOSMAC01, , AKGPlay.asm:643
PLY_AKG_CHANNEL1_READTRACK      = $07AD ; addr, local, , DOSMAC01, , AKGPlay.asm:668
PLY_AKG_CHANNEL2_READTRACK      = $081A ; addr, local, , DOSMAC01, , AKGPlay.asm:742
PLY_AKG_CHANNEL3_READTRACK      = $088A ; addr, local, , DOSMAC01, , AKGPlay.asm:816
PLY_AKG_READLINE                = $07A1 ; addr, local, , DOSMAC01, , AKGPlay.asm:661
PLY_AKG_CHANNEL1_READCELLEND    = $080E ; addr, local, , DOSMAC01, , AKGPlay.asm:735
PLY_AKG_CHANNEL2_READCELLEND    = $087E ; addr, local, , DOSMAC01, , AKGPlay.asm:809
PLY_AKG_CHANNEL1_WAITCOUNTER    = $07A1 ; addr, local, , DOSMAC01, , AKGPlay.asm:662
PLY_AKG_CHANNEL1_PTTRACK        = $07AD ; addr, local, , DOSMAC01, , AKGPlay.asm:669
PLY_AKG_CHANNEL1_MAYBEEFFECTS   = $0A0E ; addr, local, , DOSMAC01, , AKGPlay.asm:1067
PLY_AKG_CHANNEL1_WAIT           = $07D3 ; addr, local, , DOSMAC01, , AKGPlay.asm:694
PLY_AKG_CHANNEL1_SMALLWAIT      = $07C8 ; addr, local, , DOSMAC01, , AKGPlay.asm:686
PLY_AKG_CHANNEL1_AFTERNOTEKNOWN = $07E5 ; addr, local, , DOSMAC01, , AKGPlay.asm:707
PLY_AKG_CHANNEL1_BEFOREEND_STORECELLPOINTER = $080B ; addr, local, , DOSMAC01, , AKGPlay.asm:733
PLY_AKG_CHANNEL1_SAMEINSTRUMENT = $07DA ; addr, local, , DOSMAC01, , AKGPlay.asm:699
PLY_AKG_CHANNEL1_PTBASEINSTRUMENT = $07DA ; addr, local, , DOSMAC01, , AKGPlay.asm:700
PLY_AKG_CHANNEL1_AFTERINSTRUMENT = $0805 ; addr, local, , DOSMAC01, , AKGPlay.asm:728
PLY_AKG_BASENOTEINDEX           = $07E3 ; addr, local, , DOSMAC01, , AKGPlay.asm:705
PLY_AKG_CHANNEL1_TRACKNOTE      = $092D ; addr, local, , DOSMAC01, , AKGPlay.asm:922
PLY_AKG_CHANNEL1_INSTRUMENTSPEED = $0940 ; addr, local, , DOSMAC01, , AKGPlay.asm:934
PLY_AKG_CHANNEL1_INSTRUMENTSTEP = $0931 ; addr, local, , DOSMAC01, , AKGPlay.asm:925
PLY_AKG_CHANNEL2_WAITCOUNTER    = $080E ; addr, local, , DOSMAC01, , AKGPlay.asm:736
PLY_AKG_CHANNEL2_PTTRACK        = $081A ; addr, local, , DOSMAC01, , AKGPlay.asm:743
PLY_AKG_CHANNEL2_NOTE           = $0850 ; addr, local, , DOSMAC01, , AKGPlay.asm:778
PLY_AKG_CHANNEL1_READEFFECTSEND = $0A14 ; addr, local, , DOSMAC01, , AKGPlay.asm:1070
PLY_AKG_CHANNEL2_WAIT           = $0840 ; addr, local, , DOSMAC01, , AKGPlay.asm:768
PLY_AKG_CHANNEL2_SMALLWAIT      = $0835 ; addr, local, , DOSMAC01, , AKGPlay.asm:760
PLY_AKG_CHANNEL2_AFTERNOTEKNOWN = $0855 ; addr, local, , DOSMAC01, , AKGPlay.asm:782
PLY_AKG_CHANNEL2_BEFOREEND_STORECELLPOINTER = $087B ; addr, local, , DOSMAC01, , AKGPlay.asm:807
PLY_AKG_CHANNEL2_SAMEINSTRUMENT = $0847 ; addr, local, , DOSMAC01, , AKGPlay.asm:773
PLY_AKG_CHANNEL2_PTBASEINSTRUMENT = $0847 ; addr, local, , DOSMAC01, , AKGPlay.asm:774
PLY_AKG_CHANNEL2_AFTERINSTRUMENT = $0875 ; addr, local, , DOSMAC01, , AKGPlay.asm:802
PLY_AKG_CHANNEL2_TRACKNOTE      = $0958 ; addr, local, , DOSMAC01, , AKGPlay.asm:949
PLY_AKG_CHANNEL2_INSTRUMENTSPEED = $096B ; addr, local, , DOSMAC01, , AKGPlay.asm:962
PLY_AKG_CHANNEL2_INSTRUMENTSTEP = $095C ; addr, local, , DOSMAC01, , AKGPlay.asm:952
PLY_AKG_CHANNEL3_WAITCOUNTER    = $087E ; addr, local, , DOSMAC01, , AKGPlay.asm:810
PLY_AKG_CHANNEL3_PTTRACK        = $088A ; addr, local, , DOSMAC01, , AKGPlay.asm:817
PLY_AKG_CHANNEL3_NOTE           = $08C0 ; addr, local, , DOSMAC01, , AKGPlay.asm:852
PLY_AKG_CHANNEL2_READEFFECTSEND = $0A1A ; addr, local, , DOSMAC01, , AKGPlay.asm:1074
PLY_AKG_CHANNEL3_WAIT           = $08B0 ; addr, local, , DOSMAC01, , AKGPlay.asm:842
PLY_AKG_CHANNEL3_SMALLWAIT      = $08A5 ; addr, local, , DOSMAC01, , AKGPlay.asm:834
PLY_AKG_CHANNEL3_AFTERNOTEKNOWN = $08C5 ; addr, local, , DOSMAC01, , AKGPlay.asm:856
PLY_AKG_CHANNEL3_BEFOREEND_STORECELLPOINTER = $08EB ; addr, local, , DOSMAC01, , AKGPlay.asm:881
PLY_AKG_CHANNEL3_SAMEINSTRUMENT = $08B7 ; addr, local, , DOSMAC01, , AKGPlay.asm:847
PLY_AKG_CHANNEL3_PTBASEINSTRUMENT = $08B7 ; addr, local, , DOSMAC01, , AKGPlay.asm:848
PLY_AKG_CHANNEL3_AFTERINSTRUMENT = $08E5 ; addr, local, , DOSMAC01, , AKGPlay.asm:876
PLY_AKG_CHANNEL3_TRACKNOTE      = $0984 ; addr, local, , DOSMAC01, , AKGPlay.asm:978
PLY_AKG_CHANNEL3_INSTRUMENTSPEED = $0997 ; addr, local, , DOSMAC01, , AKGPlay.asm:991
PLY_AKG_CHANNEL3_INSTRUMENTSTEP = $0988 ; addr, local, , DOSMAC01, , AKGPlay.asm:981
PLY_AKG_CURRENTSPEED            = $08EE ; addr, local, , DOSMAC01, , AKGPlay.asm:884
PLY_AKG_CHANNEL1_GENERATEDCURRENTINVERTEDVOLUME = $0937 ; addr, local, , DOSMAC01, , AKGPlay.asm:929
PLY_AKG_CHANNEL1_SOUNDSTREAM_RELATIVEMODIFIERADDRESS = $0900 ; addr, local, , DOSMAC01, , AKGPlay.asm:895
PLY_AKG_CHANNEL1_PLAYINSTRUMENT_RELATIVEMODIFIERADDRESS = $092A ; addr, local, , DOSMAC01, , AKGPlay.asm:919
PLY_AKG_CHANNEL2_GENERATEDCURRENTINVERTEDVOLUME = $0962 ; addr, local, , DOSMAC01, , AKGPlay.asm:956
PLY_AKG_CHANNEL2_SOUNDSTREAM_RELATIVEMODIFIERADDRESS = $0911 ; addr, local, , DOSMAC01, , AKGPlay.asm:905
PLY_AKG_CHANNEL2_PLAYINSTRUMENT_RELATIVEMODIFIERADDRESS = $0955 ; addr, local, , DOSMAC01, , AKGPlay.asm:946
PLY_AKG_CHANNEL3_GENERATEDCURRENTINVERTEDVOLUME = $098E ; addr, local, , DOSMAC01, , AKGPlay.asm:985
PLY_AKG_CHANNEL3_SOUNDSTREAM_RELATIVEMODIFIERADDRESS = $0922 ; addr, local, , DOSMAC01, , AKGPlay.asm:915
PLY_AKG_CHANNEL3_PLAYINSTRUMENT_RELATIVEMODIFIERADDRESS = $0981 ; addr, local, , DOSMAC01, , AKGPlay.asm:975
PLY_AKG_CHANNEL1_GENERATEDCURRENTPITCH = $092A ; addr, local, , DOSMAC01, , AKGPlay.asm:920
PLY_AKG_CHANNEL3_READEFFECTSEND = $0A20 ; addr, local, , DOSMAC01, , AKGPlay.asm:1078
PLY_AKG_CHANNEL1_SETINSTRUMENTSTEP = $0948 ; addr, local, , DOSMAC01, , AKGPlay.asm:939
PLY_AKG_CHANNEL2_GENERATEDCURRENTPITCH = $0955 ; addr, local, , DOSMAC01, , AKGPlay.asm:947
PLY_AKG_CHANNEL2_SETINSTRUMENTSTEP = $0973 ; addr, local, , DOSMAC01, , AKGPlay.asm:967
PLY_AKG_CHANNEL3_GENERATEDCURRENTPITCH = $0981 ; addr, local, , DOSMAC01, , AKGPlay.asm:976
PLY_AKG_CHANNEL3_SETINSTRUMENTSTEP = $099F ; addr, local, , DOSMAC01, , AKGPlay.asm:996
PLY_AKG_PSGREG6_8_INSTR         = $09E8 ; addr, local, , DOSMAC01, , AKGPlay.asm:1042
PLY_AKG_PSGREG9_10_INSTR        = $09F9 ; addr, local, , DOSMAC01, , AKGPlay.asm:1054
PLY_AKG_CHANNEL2_MAYBEEFFECTS   = $0A14 ; addr, local, , DOSMAC01, , AKGPlay.asm:1071
PLY_AKG_CHANNEL3_MAYBEEFFECTS   = $0A1A ; addr, local, , DOSMAC01, , AKGPlay.asm:1075
PLY_AKG_READINSTRUMENTCELL      = $0A20 ; addr, local, , DOSMAC01, , AKGPlay.asm:1079
PLY_AKG_S_OR_H_OR_SAH_OR_ENDWITHLOOP = $0A6D ; addr, local, , DOSMAC01, , AKGPlay.asm:1138
PLY_AKG_STH_OR_ENDWITHOUTLOOP   = $0A6A ; addr, local, , DOSMAC01, , AKGPlay.asm:1135
PLY_AKG_NOSOFTNOHARD            = $0A2B ; addr, local, , DOSMAC01, , AKGPlay.asm:1088
PLY_AKG_NSNH_NONOISE            = $0A40 ; addr, local, , DOSMAC01, , AKGPlay.asm:1102
PLY_AKG_SOFT                    = $0A43 ; addr, local, , DOSMAC01, , AKGPlay.asm:1105
PLY_AKG_SOFTONLY_HARDONLY_TESTSIMPLE_COMMON = $0A4A ; addr, local, , DOSMAC01, , AKGPlay.asm:1111
PLY_AKG_S_NOTSIMPLE             = $0A52 ; addr, local, , DOSMAC01, , AKGPlay.asm:1116
PLY_AKG_S_AFTERSIMPLETEST       = $0A55 ; addr, local, , DOSMAC01, , AKGPlay.asm:1120
PLY_AKG_S_OR_H_CHECKIFSIMPLEFIRST_CALCULATEPERIOD = $0A7B ; addr, local, , DOSMAC01, , AKGPlay.asm:1150
PLY_AKG_EMPTYINSTRUMENTDATAPT   = $0A62 ; addr, local, , DOSMAC01, , AKGPlay.asm:1129
PLY_AKG_H_OR_ENDWITHLOOP        = $0A74 ; addr, local, , DOSMAC01, , AKGPlay.asm:1143
PLY_AKG_ENDWITHLOOP             = $0A74 ; addr, local, , DOSMAC01, , AKGPlay.asm:1144
PLY_AKG_S_OR_H_NEXTBYTE         = $0A91 ; addr, local, , DOSMAC01, , AKGPlay.asm:1167
PLY_AKG_PERIODTABLE             = $0AB3 ; addr, local, , DOSMAC01, , AKGPlay.asm:1197
PLY_AKG_S_OR_H_AFTERPITCH       = $0AA5 ; addr, local, , DOSMAC01, , AKGPlay.asm:1184
__head                          = $0100 ; const, public, def, , ,
__tail                          = $0BB3 ; const, public, def, , ,
__size                          = $0AB3 ; const, public, def, , ,
