CHGMOD                          = $005F ; const, local, , at2study, , at2study.asm:5
ERAFNK                          = $00CC ; const, local, , at2study, , at2study.asm:6
LINWID                          = $F3AF ; const, local, , at2study, , at2study.asm:10
RG0SAV                          = $F3DF ; const, local, , at2study, , at2study.asm:11
FORCLR                          = $F3E9 ; const, local, , at2study, , at2study.asm:12
BAKCLR                          = $F3EA ; const, local, , at2study, , at2study.asm:13
BDRCLR                          = $F3EB ; const, local, , at2study, , at2study.asm:14
H_TIMI                          = $FD9F ; const, local, , at2study, , at2study.asm:19
VBLANK_WAIT_FLG                 = $D000 ; const, local, , at2study, , at2study.asm:21
TIMER_COUNTER                   = $D001 ; const, local, , at2study, , at2study.asm:22
ADDR_BACK                       = $D002 ; const, local, , at2study, , at2study.asm:23
H_TIMI_BACKUP                   = $D004 ; const, local, , at2study, , at2study.asm:24
CONST_VDPPORT0                  = $0098 ; const, local, , at2study, , at2study.asm:27
CONST_VDPPORT1                  = $0099 ; const, local, , at2study, , at2study.asm:28
DISP_CHAR_CODE                  = $D009 ; const, local, , at2study, , at2study.asm:31
ANIME_NUM                       = $D00A ; const, local, , at2study, , at2study.asm:34
RANDOM_SEED                     = $D00B ; const, local, , at2study, , at2study.asm:37
VIRTVRAM                        = $D00C ; const, local, , at2study, , at2study.asm:41
SCROLLBUF                       = $D30C ; const, local, , at2study, , at2study.asm:44
SCREENLASTCOL                   = $D60C ; const, local, , at2study, , at2study.asm:47
SCREENLASTCOLADDR               = $D62C ; const, local, , at2study, , at2study.asm:50
SCROLLDESTADDR                  = $D62E ; const, local, , at2study, , at2study.asm:53
PATTERNNAMETB_REDRAW            = $D62F ; const, local, , at2study, , at2study.asm:56
Header                          = $4000 ; addr, local, , at2study, , at2study.asm:65
Start                           = $4010 ; addr, local, , at2study, , at2study.asm:72
MAIN                            = $4013 ; addr, local, , at2study, , at2study.asm:79
INITRANDOM                      = $41DB ; addr, local, , at2study, , at2study.asm:534
MEMFIL                          = $41D4 ; addr, local, , at2study, , at2study.asm:524
SPRITE_PTN                      = $42A4 ; addr, local, , at2study, , at2study.asm:786
WRTVRMSERIAL                    = $4250 ; addr, local, , at2study, , at2study.asm:739
SPRITE_ATTR                     = $4304 ; addr, local, , at2study, , at2study.asm:806
WRTVRM                          = $4229 ; addr, local, , at2study, , at2study.asm:660
ANME_7_PTN                      = $429C ; addr, local, , at2study, , at2study.asm:783
TRAINING_BGM_START              = $431F ; addr, local, , at2study, , AKGPlay.asm:1
PLY_AKG_INIT                    = $4567 ; addr, local, , at2study, , AKGPlay.asm:495
INIT_H_TIMI_HANDLER             = $40A6 ; addr, local, , at2study, , at2study.asm:230
H_TIMI_HOOK_LOOP                = $4095 ; addr, local, , at2study, , at2study.asm:168
REDRAW_SCREEN                   = $4104 ; addr, local, , at2study, , at2study.asm:341
VBLANK_WAIT                     = $409D ; addr, local, , at2study, , at2study.asm:207
H_TIMI_HANDLER                  = $40C7 ; addr, local, , at2study, , at2study.asm:269
H_TIMI_HANDLER_GO_BACKUPPROC    = $40D1 ; addr, local, , at2study, , at2study.asm:291
PLY_AKG_PLAY                    = $4600 ; addr, local, , at2study, , AKGPlay.asm:582
SkipPatterNameTableRedraw       = $4101 ; addr, local, , at2study, , at2study.asm:328
CREATE_CHAR_PATTERN             = $41B9 ; addr, local, , at2study, , at2study.asm:497
TITLE_MSG                       = $4310 ; addr, local, , at2study, , at2study.asm:812
REDRAW_SCREEN_DEC_END           = $41AF ; addr, local, , at2study, , at2study.asm:480
REDRAW_SCREEN_DISPLAY_SETLASTCOL = $4116 ; addr, local, , at2study, , at2study.asm:354
REDRAW_SCREEN_DISPLAY_LOOP      = $411B ; addr, local, , at2study, , at2study.asm:363
RANDOMVALUE                     = $41E1 ; addr, local, , at2study, , at2study.asm:541
REDRAW_SCREEN_DISPLAY_LOOP_NEXT = $413A ; addr, local, , at2study, , at2study.asm:388
GREENCHAR                       = $4135 ; addr, local, , at2study, , at2study.asm:383
MULTILOOP1                      = $4156 ; addr, local, , at2study, , at2study.asm:411
REDRAW_SCREEN_DISP              = $4194 ; addr, local, , at2study, , at2study.asm:460
REDRAW_SCREEN_INIT_TIMER        = $41A7 ; addr, local, , at2study, , at2study.asm:473
REDRAW_SCREEN_END               = $41B6 ; addr, local, , at2study, , at2study.asm:487
ANIME_CHAR_PTN                  = $4264 ; addr, local, , at2study, , at2study.asm:768
MEMFILLOOP                      = $41D4 ; addr, local, , at2study, , at2study.asm:526
VDPRED                          = $41F5 ; addr, local, , at2study, , at2study.asm:574
VDPWRT                          = $420A ; addr, local, , at2study, , at2study.asm:607
REDVRM                          = $4221 ; addr, local, , at2study, , at2study.asm:642
REDVRMSERIAL                    = $4231 ; addr, local, , at2study, , at2study.asm:680
REDVRMSERIALLOOP                = $423C ; addr, local, , at2study, , at2study.asm:695
WRTVRMFIL                       = $4245 ; addr, local, , at2study, , at2study.asm:714
WRTVRMFILLOOP                   = $4248 ; addr, local, , at2study, , at2study.asm:719
WRTVRMSERIALLOOP                = $425B ; addr, local, , at2study, , at2study.asm:754
ANIME_0_PTN                     = $4264 ; addr, local, , at2study, , at2study.asm:769
ANIME_1_PTN                     = $426C ; addr, local, , at2study, , at2study.asm:771
ANIME_2_PTN                     = $4274 ; addr, local, , at2study, , at2study.asm:773
ANIME_3_PTN                     = $427C ; addr, local, , at2study, , at2study.asm:775
ANIME_4_PTN                     = $4284 ; addr, local, , at2study, , at2study.asm:777
ANIME_5_PTN                     = $428C ; addr, local, , at2study, , at2study.asm:779
ANIME_6_PTN                     = $4294 ; addr, local, , at2study, , at2study.asm:781
PLY_AKG_OFFSET2B                = $431F ; addr, local, , at2study, , AKGPlay.asm:2
PLY_AKG_OFFSET1B                = $431F ; addr, local, , at2study, , AKGPlay.asm:3
PLY_AKG_OPCODE_OR_A             = $431F ; addr, local, , at2study, , AKGPlay.asm:4
PLY_AKG_OPCODE_ADD_HL_BC_MSB    = $431F ; addr, local, , at2study, , AKGPlay.asm:5
PLY_AKG_FULL_INIT_CODE          = $4320 ; addr, local, , at2study, , AKGPlay.asm:7
PLY_AKG_USE_HOOKS               = $4320 ; addr, local, , at2study, , AKGPlay.asm:8
PLY_AKG_STOP_SOUNDS             = $4320 ; addr, local, , at2study, , AKGPlay.asm:9
PLY_AKG_BITFORSOUND             = $4321 ; addr, local, , at2study, , AKGPlay.asm:11
PLY_AKG_SOUNDEFFECTDATA_OFFSETINVERTEDVOLUME = $4321 ; addr, local, , at2study, , AKGPlay.asm:12
RASM_VERSION                    = $4321 ; addr, local, , at2study, , AKGPlay.asm:13
PLY_AKG_SOUNDEFFECTDATA_OFFSETCURRENTSTEP = $4322 ; addr, local, , at2study, , AKGPlay.asm:15
PLY_AKG_BITFORNOISE             = $4324 ; addr, local, , at2study, , AKGPlay.asm:17
PLY_AKG_SOUNDEFFECTDATA_OFFSETSPEED = $4323 ; addr, local, , at2study, , AKGPlay.asm:18
TRAINING_BGM_ARPEGGIOTABLE      = $432D ; addr, local, , at2study, , AKGPlay.asm:25
PLY_AKG_OPCODE_ADD_HL_BC_LSB    = $4328 ; addr, local, , at2study, , AKGPlay.asm:21
TRAINING_BGM_EFFECTBLOCKTABLE   = $4365 ; addr, local, , at2study, , AKGPlay.asm:88
TRAINING_BGM_PITCHTABLE         = $432D ; addr, local, , at2study, , AKGPlay.asm:26
TRAINING_BGM_INSTRUMENTTABLE    = $432D ; addr, local, , at2study, , AKGPlay.asm:27
TRAINING_BGM_EMPTYINSTRUMENT    = $4335 ; addr, local, , at2study, , AKGPlay.asm:32
TRAINING_BGM_INSTRUMENT1        = $4338 ; addr, local, , at2study, , AKGPlay.asm:37
TRAINING_BGM_INSTRUMENT2        = $4350 ; addr, local, , at2study, , AKGPlay.asm:64
TRAINING_BGM_INSTRUMENT3        = $435C ; addr, local, , at2study, , AKGPlay.asm:77
TRAINING_BGM_EMPTYINSTRUMENT_LOOP = $4336 ; addr, local, , at2study, , AKGPlay.asm:34
PLY_AKG_OPCODE_INC_HL           = $4342 ; addr, local, , at2study, , AKGPlay.asm:48
PLY_AKG_OPCODE_DEC_HL           = $434A ; addr, local, , at2study, , AKGPlay.asm:57
TRAINING_BGM_INSTRUMENT3_LOOP   = $4361 ; addr, local, , at2study, , AKGPlay.asm:83
PLY_AKG_OPCODE_SBC_HL_BC_LSB    = $4361 ; addr, local, , at2study, , AKGPlay.asm:84
TRAINING_BGM_SUBSONG0_START     = $4365 ; addr, local, , at2study, , AKGPlay.asm:89
TRAINING_BGM_SUBSONG0_LINKER    = $436C ; addr, local, , at2study, , AKGPlay.asm:97
TRAINING_BGM_SUBSONG0_LINKER_LOOP = $436C ; addr, local, , at2study, , AKGPlay.asm:98
TRAINING_BGM_SUBSONG0_TRACK0    = $4380 ; addr, local, , at2study, , AKGPlay.asm:113
TRAINING_BGM_SUBSONG0_TRACK1    = $43F0 ; addr, local, , at2study, , AKGPlay.asm:228
TRAINING_BGM_SUBSONG0_TRACK2    = $442D ; addr, local, , at2study, , AKGPlay.asm:293
TRAINING_BGM_SUBSONG0_LINKERBLOCK0 = $4378 ; addr, local, , at2study, , AKGPlay.asm:106
TRAINING_BGM_SUBSONG0_SPEEDTRACK0 = $442F ; addr, local, , at2study, , AKGPlay.asm:296
TRAINING_BGM_SUBSONG0_EVENTTRACK0 = $4430 ; addr, local, , at2study, , AKGPlay.asm:298
PLY_AKG_OPCODE_JP               = $43E2 ; addr, local, , at2study, , AKGPlay.asm:212
PLY_AKG_OPCODE_ADD_A_IMMEDIATE  = $43E5 ; addr, local, , at2study, , AKGPlay.asm:216
PLY_AKG_OPCODE_SUB_IMMEDIATE    = $43F5 ; addr, local, , at2study, , AKGPlay.asm:234
PLY_AKG_OPCODE_SBC_HL_BC_MSB    = $440C ; addr, local, , at2study, , AKGPlay.asm:258
PLY_AKG_OPCODE_SCF              = $441E ; addr, local, , at2study, , AKGPlay.asm:277
PLY_AKG_START                   = $4431 ; addr, local, , at2study, , AKGPlay.asm:300
PLY_AKG_INITTABLEJP_END         = $45EE ; addr, local, , at2study, , AKGPlay.asm:572
PLY_AKG_INITSOUNDEFFECTS        = $443A ; addr, local, , at2study, , AKGPlay.asm:304
PLY_AKG_PTSOUNDEFFECTTABLE      = $D966 ; const, local, , at2study, , AKGPlay.asm:1335
PLY_AKG_PLAYSOUNDEFFECT         = $443E ; addr, local, , at2study, , AKGPlay.asm:307
PLY_AKG_CHANNEL1_SOUNDEFFECTDATA = $D968 ; const, local, , at2study, , AKGPlay.asm:1294
PLY_AKG_STOPSOUNDEFFECTFROMCHANNEL = $4466 ; addr, local, , at2study, , AKGPlay.asm:338
PLY_AKG_PLAYSOUNDEFFECTSSTREAM  = $4474 ; addr, local, , at2study, , AKGPlay.asm:350
PLY_AKG_PSGREG8                 = $D916 ; const, local, , at2study, , AKGPlay.asm:1333
PLY_AKG_PSGREG01_INSTR          = $D90F ; const, local, , at2study, , AKGPlay.asm:1326
PLY_AKG_PSES_PLAY               = $44AD ; addr, local, , at2study, , AKGPlay.asm:376
PLY_AKG_CHANNEL2_SOUNDEFFECTDATA = $D970 ; const, local, , at2study, , AKGPlay.asm:1307
PLY_AKG_PSGREG9_10_INSTR        = $D917 ; const, local, , at2study, , AKGPlay.asm:1334
PLY_AKG_PSGREG23_INSTR          = $D911 ; const, local, , at2study, , AKGPlay.asm:1330
PLY_AKG_CHANNEL3_SOUNDEFFECTDATA = $D978 ; const, local, , at2study, , AKGPlay.asm:1318
PLY_AKG_PSGREG10                = $D918 ; const, local, , at2study, , AKGPlay.asm:1327
PLY_AKG_PSGREG45_INSTR          = $D913 ; const, local, , at2study, , AKGPlay.asm:1331
PLY_AKG_PSES_READFIRSTBYTE      = $44B6 ; addr, local, , at2study, , AKGPlay.asm:382
PLY_AKG_PSES_SOFTWAREORSOFTWAREANDHARDWARE = $44FD ; addr, local, , at2study, , AKGPlay.asm:425
PLY_AKG_PSES_HARDWAREONLY       = $44F6 ; addr, local, , at2study, , AKGPlay.asm:421
PLY_AKG_PSES_S_ENDORLOOP        = $44CE ; addr, local, , at2study, , AKGPlay.asm:397
PLY_AKG_PSES_MANAGEVOLUMEFROMA_FILTER4BITS = $455B ; addr, local, , at2study, , AKGPlay.asm:486
PLY_AKG_PSES_READNOISEIFNEEDEDANDOPENORCLOSENOISECHANNEL = $4537 ; addr, local, , at2study, , AKGPlay.asm:455
PLY_AKG_PSES_SAVEPOINTERANDEXIT = $44DF ; addr, local, , at2study, , AKGPlay.asm:410
PLY_AKG_PSES_S_LOOP             = $44D9 ; addr, local, , at2study, , AKGPlay.asm:404
PLY_AKG_PSES_NOTREACHED         = $44F2 ; addr, local, , at2study, , AKGPlay.asm:418
PLY_AKG_PSES_SHARED_READRETRIGHARDWAREENVPERIODNOISE = $4519 ; addr, local, , at2study, , AKGPlay.asm:439
PLY_AKG_PSES_SOFTWAREANDHARDWARE = $450F ; addr, local, , at2study, , AKGPlay.asm:434
PLY_AKG_PSES_READSOFTWAREPERIOD = $454F ; addr, local, , at2study, , AKGPlay.asm:473
PLY_AKG_PSES_H_AFTERRETRIG      = $4523 ; addr, local, , at2study, , AKGPlay.asm:446
PLY_AKG_PSGREG13_OLDVALUE       = $D904 ; const, local, , at2study, , AKGPlay.asm:1329
PLY_AKG_PSGREG13_INSTR          = $D905 ; const, local, , at2study, , AKGPlay.asm:1328
PLY_AKG_PSES_READHARDWAREPERIOD = $4544 ; addr, local, , at2study, , AKGPlay.asm:465
PLY_AKG_PSES_MANAGEVOLUMEFROMA_HARD = $455D ; addr, local, , at2study, , AKGPlay.asm:488
PLY_AKG_PSES_READNOISEANDOPENNOISECHANNEL_OPENNOISE = $453C ; addr, local, , at2study, , AKGPlay.asm:459
PLY_AKG_PSGREG6_8_INSTR         = $D915 ; const, local, , at2study, , AKGPlay.asm:1332
PLY_AKG_PSGHARDWAREPERIOD_INSTR = $D919 ; const, local, , at2study, , AKGPlay.asm:1325
PLY_AKG_PSES_MVFA_NOOVERFLOW    = $4563 ; addr, local, , at2study, , AKGPlay.asm:492
PLY_AKG_INSTRUMENTSTABLE        = $D909 ; const, local, , at2study, , AKGPlay.asm:1323
PLY_AKG_CURRENTSPEED            = $D900 ; const, local, , at2study, , AKGPlay.asm:1321
PLY_AKG_BASENOTEINDEX           = $D901 ; const, local, , at2study, , AKGPlay.asm:1284
PLY_AKG_READLINKER_PTLINKER     = $D907 ; const, local, , at2study, , AKGPlay.asm:1336
PLY_AKG_INITTABLE0              = $45DC ; addr, local, , at2study, , AKGPlay.asm:556
PLY_AKG_INIT_READWORDSANDFILL   = $45D9 ; addr, local, , at2study, , AKGPlay.asm:553
PLY_AKG_INITTABLE0_END          = $45E8 ; addr, local, , at2study, , AKGPlay.asm:563
PLY_AKG_INITTABLE1_END          = $45EC ; addr, local, , at2study, , AKGPlay.asm:567
PLY_AKG_EMPTYINSTRUMENTDATAPT   = $D90B ; const, local, , at2study, , AKGPlay.asm:1322
PLY_AKG_CHANNEL1_PTINSTRUMENT   = $D930 ; const, local, , at2study, , AKGPlay.asm:1292
PLY_AKG_CHANNEL2_PTINSTRUMENT   = $D947 ; const, local, , at2study, , AKGPlay.asm:1305
PLY_AKG_CHANNEL3_PTINSTRUMENT   = $D95E ; const, local, , at2study, , AKGPlay.asm:1316
PLY_AKG_INIT_READWORDSANDFILL_LOOP = $45D3 ; addr, local, , at2study, , AKGPlay.asm:546
PLY_AKG_CHANNEL1_INVERTEDVOLUMEINTEGERANDDECIMAL = $D92C ; const, local, , at2study, , AKGPlay.asm:1290
PLY_AKG_CHANNEL1_INVERTEDVOLUMEINTEGER = $D92D ; const, local, , at2study, , AKGPlay.asm:1289
PLY_AKG_CHANNEL2_INVERTEDVOLUMEINTEGERANDDECIMAL = $D943 ; const, local, , at2study, , AKGPlay.asm:1302
PLY_AKG_CHANNEL2_INVERTEDVOLUMEINTEGER = $D944 ; const, local, , at2study, , AKGPlay.asm:1301
PLY_AKG_CHANNEL3_INVERTEDVOLUMEINTEGERANDDECIMAL = $D95A ; const, local, , at2study, , AKGPlay.asm:1314
PLY_AKG_CHANNEL3_INVERTEDVOLUMEINTEGER = $D95B ; const, local, , at2study, , AKGPlay.asm:1313
PLY_AKG_INITTABLE1              = $45E8 ; addr, local, , at2study, , AKGPlay.asm:564
PLY_AKG_PATTERNDECREASINGHEIGHT = $D902 ; const, local, , at2study, , AKGPlay.asm:1324
PLY_AKG_TICKDECREASINGCOUNTER   = $D903 ; const, local, , at2study, , AKGPlay.asm:1339
PLY_AKG_INITTABLEORA            = $45EC ; addr, local, , at2study, , AKGPlay.asm:568
PLY_AKG_INITTABLEORA_END        = $45EC ; addr, local, , at2study, , AKGPlay.asm:569
PLY_AKG_INITTABLEJP             = $45EC ; addr, local, , at2study, , AKGPlay.asm:570
PLY_AKG_TEMPPLAYINSTRUMENTJUMPINSTRANDADDRESS = $D91E ; const, local, , at2study, , AKGPlay.asm:1338
PLY_AKG_STOP                    = $45EE ; addr, local, , at2study, , AKGPlay.asm:573
PLY_AKG_SAVESP                  = $D90D ; const, local, , at2study, , AKGPlay.asm:1337
PLY_AKG_SENDPSGREGISTERS        = $4873 ; addr, local, , at2study, , AKGPlay.asm:937
PLY_AKG_SETSPEEDBEFOREPLAYSTREAMS = $4798 ; addr, local, , at2study, , AKGPlay.asm:832
PLY_AKG_SETCURRENTLINEBEFOREREADLINE = $463B ; addr, local, , at2study, , AKGPlay.asm:615
PLY_AKG_READLINKER              = $4611 ; addr, local, , at2study, , AKGPlay.asm:590
PLY_AKG_READLINKER_NOLOOP       = $461D ; addr, local, , at2study, , AKGPlay.asm:599
PLY_AKG_CHANNEL1_PTTRACK        = $D926 ; const, local, , at2study, , AKGPlay.asm:1293
PLY_AKG_CHANNEL2_PTTRACK        = $D93D ; const, local, , at2study, , AKGPlay.asm:1306
PLY_AKG_CHANNEL3_PTTRACK        = $D954 ; const, local, , at2study, , AKGPlay.asm:1317
PLY_AKG_CHANNEL1_SOUNDSTREAM_RELATIVEMODIFIERADDRESS = $D921 ; const, local, , at2study, , AKGPlay.asm:1295
PLY_AKG_CHANNEL2_PLAYINSTRUMENT_RELATIVEMODIFIERADDRESS = $D938 ; const, local, , at2study, , AKGPlay.asm:1303
PLY_AKG_CHANNEL3_WAITCOUNTER    = $D94F ; const, local, , at2study, , AKGPlay.asm:1320
PLY_AKG_READLINE                = $463E ; addr, local, , at2study, , AKGPlay.asm:617
PLY_AKG_CHANNEL1_READTRACK      = $464B ; addr, local, , at2study, , AKGPlay.asm:623
PLY_AKG_CHANNEL1_READCELLEND    = $46B1 ; addr, local, , at2study, , AKGPlay.asm:688
PLY_AKG_CHANNEL1_NOTE           = $4682 ; addr, local, , at2study, , AKGPlay.asm:657
PLY_AKG_CHANNEL1_MAYBEEFFECTS   = $48F8 ; addr, local, , at2study, , AKGPlay.asm:1009
PLY_AKG_CHANNEL1_WAIT           = $4671 ; addr, local, , at2study, , AKGPlay.asm:648
PLY_AKG_CHANNEL1_SMALLWAIT      = $4666 ; addr, local, , at2study, , AKGPlay.asm:640
PLY_AKG_CHANNEL1_AFTERNOTEKNOWN = $4687 ; addr, local, , at2study, , AKGPlay.asm:661
PLY_AKG_CHANNEL1_BEFOREEND_STORECELLPOINTER = $46AE ; addr, local, , at2study, , AKGPlay.asm:686
PLY_AKG_CHANNEL1_SAMEINSTRUMENT = $4678 ; addr, local, , at2study, , AKGPlay.asm:653
PLY_AKG_CHANNEL1_PTBASEINSTRUMENT = $D932 ; const, local, , at2study, , AKGPlay.asm:1291
PLY_AKG_CHANNEL1_AFTERINSTRUMENT = $46A8 ; addr, local, , at2study, , AKGPlay.asm:681
PLY_AKG_CHANNEL1_TRACKNOTE      = $D924 ; const, local, , at2study, , AKGPlay.asm:1296
PLY_AKG_CHANNEL1_INSTRUMENTSPEED = $D922 ; const, local, , at2study, , AKGPlay.asm:1287
PLY_AKG_CHANNEL1_INSTRUMENTSTEP = $D923 ; const, local, , at2study, , AKGPlay.asm:1288
PLY_AKG_CHANNEL2_READTRACK      = $46BE ; addr, local, , at2study, , AKGPlay.asm:694
PLY_AKG_CHANNEL2_READCELLEND    = $4723 ; addr, local, , at2study, , AKGPlay.asm:759
PLY_AKG_CHANNEL2_NOTE           = $46F5 ; addr, local, , at2study, , AKGPlay.asm:728
PLY_AKG_CHANNEL1_READEFFECTSEND = $48FE ; addr, local, , at2study, , AKGPlay.asm:1012
PLY_AKG_CHANNEL2_WAIT           = $46E4 ; addr, local, , at2study, , AKGPlay.asm:719
PLY_AKG_CHANNEL2_SMALLWAIT      = $46D9 ; addr, local, , at2study, , AKGPlay.asm:711
PLY_AKG_CHANNEL2_AFTERNOTEKNOWN = $46FA ; addr, local, , at2study, , AKGPlay.asm:732
PLY_AKG_CHANNEL2_BEFOREEND_STORECELLPOINTER = $4720 ; addr, local, , at2study, , AKGPlay.asm:757
PLY_AKG_CHANNEL2_SAMEINSTRUMENT = $46EB ; addr, local, , at2study, , AKGPlay.asm:724
PLY_AKG_CHANNEL2_PTBASEINSTRUMENT = $D949 ; const, local, , at2study, , AKGPlay.asm:1304
PLY_AKG_CHANNEL2_AFTERINSTRUMENT = $471A ; addr, local, , at2study, , AKGPlay.asm:752
PLY_AKG_CHANNEL2_TRACKNOTE      = $D93B ; const, local, , at2study, , AKGPlay.asm:1308
PLY_AKG_CHANNEL2_INSTRUMENTSPEED = $D939 ; const, local, , at2study, , AKGPlay.asm:1299
PLY_AKG_CHANNEL2_INSTRUMENTSTEP = $D93A ; const, local, , at2study, , AKGPlay.asm:1300
PLY_AKG_CHANNEL3_READTRACK      = $4730 ; addr, local, , at2study, , AKGPlay.asm:765
PLY_AKG_CHANNEL3_READCELLEND    = $4795 ; addr, local, , at2study, , AKGPlay.asm:830
PLY_AKG_CHANNEL3_NOTE           = $4767 ; addr, local, , at2study, , AKGPlay.asm:799
PLY_AKG_CHANNEL2_READEFFECTSEND = $4904 ; addr, local, , at2study, , AKGPlay.asm:1016
PLY_AKG_CHANNEL3_WAIT           = $4756 ; addr, local, , at2study, , AKGPlay.asm:790
PLY_AKG_CHANNEL3_SMALLWAIT      = $474B ; addr, local, , at2study, , AKGPlay.asm:782
PLY_AKG_CHANNEL3_AFTERNOTEKNOWN = $476C ; addr, local, , at2study, , AKGPlay.asm:803
PLY_AKG_CHANNEL3_BEFOREEND_STORECELLPOINTER = $4792 ; addr, local, , at2study, , AKGPlay.asm:828
PLY_AKG_CHANNEL3_SAMEINSTRUMENT = $475D ; addr, local, , at2study, , AKGPlay.asm:795
PLY_AKG_CHANNEL3_PTBASEINSTRUMENT = $D960 ; const, local, , at2study, , AKGPlay.asm:1315
PLY_AKG_CHANNEL3_AFTERINSTRUMENT = $478C ; addr, local, , at2study, , AKGPlay.asm:823
PLY_AKG_CHANNEL3_TRACKNOTE      = $D952 ; const, local, , at2study, , AKGPlay.asm:1319
PLY_AKG_CHANNEL3_INSTRUMENTSPEED = $D950 ; const, local, , at2study, , AKGPlay.asm:1311
PLY_AKG_CHANNEL3_INSTRUMENTSTEP = $D951 ; const, local, , at2study, , AKGPlay.asm:1312
PLY_AKG_CHANNEL1_GENERATEDCURRENTINVERTEDVOLUME = $D925 ; const, local, , at2study, , AKGPlay.asm:1285
PLY_AKG_CHANNEL1_GENERATEDCURRENTPITCH = $D936 ; const, local, , at2study, , AKGPlay.asm:1286
PLY_AKG_CHANNEL2_GENERATEDCURRENTINVERTEDVOLUME = $D93C ; const, local, , at2study, , AKGPlay.asm:1297
PLY_AKG_CHANNEL2_GENERATEDCURRENTPITCH = $D94D ; const, local, , at2study, , AKGPlay.asm:1298
PLY_AKG_CHANNEL3_GENERATEDCURRENTINVERTEDVOLUME = $D953 ; const, local, , at2study, , AKGPlay.asm:1309
PLY_AKG_CHANNEL3_GENERATEDCURRENTPITCH = $D964 ; const, local, , at2study, , AKGPlay.asm:1310
PLY_AKG_CHANNEL3_READEFFECTSEND = $490A ; addr, local, , at2study, , AKGPlay.asm:1020
PLY_AKG_CHANNEL1_SETINSTRUMENTSTEP = $47FB ; addr, local, , at2study, , AKGPlay.asm:876
PLY_AKG_CHANNEL2_SETINSTRUMENTSTEP = $482F ; addr, local, , at2study, , AKGPlay.asm:902
PLY_AKG_CHANNEL3_SETINSTRUMENTSTEP = $4864 ; addr, local, , at2study, , AKGPlay.asm:929
PLY_AKG_PSGREG13_END            = $48F3 ; addr, local, , at2study, , AKGPlay.asm:1006
PLY_AKG_CHANNEL2_MAYBEEFFECTS   = $48FE ; addr, local, , at2study, , AKGPlay.asm:1013
PLY_AKG_CHANNEL3_MAYBEEFFECTS   = $4904 ; addr, local, , at2study, , AKGPlay.asm:1017
PLY_AKG_READINSTRUMENTCELL      = $490A ; addr, local, , at2study, , AKGPlay.asm:1021
PLY_AKG_S_OR_H_OR_SAH_OR_ENDWITHLOOP = $4959 ; addr, local, , at2study, , AKGPlay.asm:1079
PLY_AKG_STH_OR_ENDWITHOUTLOOP   = $4956 ; addr, local, , at2study, , AKGPlay.asm:1076
PLY_AKG_NOSOFTNOHARD            = $4916 ; addr, local, , at2study, , AKGPlay.asm:1030
PLY_AKG_NSNH_NONOISE            = $492B ; addr, local, , at2study, , AKGPlay.asm:1044
PLY_AKG_SOFT                    = $492E ; addr, local, , at2study, , AKGPlay.asm:1047
PLY_AKG_SOFTONLY_HARDONLY_TESTSIMPLE_COMMON = $4935 ; addr, local, , at2study, , AKGPlay.asm:1053
PLY_AKG_S_NOTSIMPLE             = $493D ; addr, local, , at2study, , AKGPlay.asm:1058
PLY_AKG_S_AFTERSIMPLETEST       = $4940 ; addr, local, , at2study, , AKGPlay.asm:1062
PLY_AKG_S_OR_H_CHECKIFSIMPLEFIRST_CALCULATEPERIOD = $4967 ; addr, local, , at2study, , AKGPlay.asm:1091
PLY_AKG_ENDWITHOUTLOOP          = $494D ; addr, local, , at2study, , AKGPlay.asm:1070
PLY_AKG_H_OR_ENDWITHLOOP        = $4960 ; addr, local, , at2study, , AKGPlay.asm:1084
PLY_AKG_ENDWITHLOOP             = $4960 ; addr, local, , at2study, , AKGPlay.asm:1085
PLY_AKG_S_OR_H_NEXTBYTE         = $497D ; addr, local, , at2study, , AKGPlay.asm:1108
PLY_AKG_PERIODTABLE             = $49B9 ; addr, local, , at2study, , AKGPlay.asm:1155
PLY_AKG_S_OR_H_AFTERPITCH       = $4991 ; addr, local, , at2study, , AKGPlay.asm:1125
PLY_AKG_STOH_HTOS_SANDH_COMMON  = $499F ; addr, local, , at2study, , AKGPlay.asm:1138
__head                          = $4000 ; const, public, def, , ,
__tail                          = $4AB9 ; const, public, def, , ,
__size                          = $0AB9 ; const, public, def, , ,
