CHGMOD                          = $005F ; const, local, , at2study2, , at2study2.asm:5
ERAFNK                          = $00CC ; const, local, , at2study2, , at2study2.asm:6
KILBUF                          = $0156 ; const, local, , at2study2, , at2study2.asm:7
SNSMAT                          = $0141 ; const, local, , at2study2, , at2study2.asm:8
LINWID                          = $F3AF ; const, local, , at2study2, , at2study2.asm:12
RG0SAV                          = $F3DF ; const, local, , at2study2, , at2study2.asm:13
FORCLR                          = $F3E9 ; const, local, , at2study2, , at2study2.asm:14
BAKCLR                          = $F3EA ; const, local, , at2study2, , at2study2.asm:15
BDRCLR                          = $F3EB ; const, local, , at2study2, , at2study2.asm:16
H_TIMI                          = $FD9F ; const, local, , at2study2, , at2study2.asm:21
VBLANK_WAIT_FLG                 = $D000 ; const, local, , at2study2, , at2study2.asm:23
TIMER_COUNTER                   = $D001 ; const, local, , at2study2, , at2study2.asm:24
ADDR_BACK                       = $D002 ; const, local, , at2study2, , at2study2.asm:25
H_TIMI_BACKUP                   = $D004 ; const, local, , at2study2, , at2study2.asm:26
CONST_VDPPORT0                  = $0098 ; const, local, , at2study2, , at2study2.asm:29
CONST_VDPPORT1                  = $0099 ; const, local, , at2study2, , at2study2.asm:30
DISP_CHAR_CODE                  = $D009 ; const, local, , at2study2, , at2study2.asm:33
ANIME_NUM                       = $D00A ; const, local, , at2study2, , at2study2.asm:36
RANDOM_SEED                     = $D00B ; const, local, , at2study2, , at2study2.asm:39
VIRTVRAM                        = $D00C ; const, local, , at2study2, , at2study2.asm:43
SCROLLBUF                       = $D30C ; const, local, , at2study2, , at2study2.asm:46
SCREENLASTCOL                   = $D60C ; const, local, , at2study2, , at2study2.asm:49
SCREENLASTCOLADDR               = $D62C ; const, local, , at2study2, , at2study2.asm:52
SCROLLDESTADDR                  = $D62E ; const, local, , at2study2, , at2study2.asm:55
PATTERNNAMETB_REDRAW            = $D62F ; const, local, , at2study2, , at2study2.asm:58
Header                          = $4000 ; addr, local, , at2study2, , at2study2.asm:67
Start                           = $4010 ; addr, local, , at2study2, , at2study2.asm:74
MAIN                            = $4013 ; addr, local, , at2study2, , at2study2.asm:81
INITRANDOM                      = $4207 ; addr, local, , at2study2, , at2study2.asm:575
MEMFIL                          = $4200 ; addr, local, , at2study2, , at2study2.asm:565
SPRITE_PTN                      = $42D0 ; addr, local, , at2study2, , at2study2.asm:827
WRTVRMSERIAL                    = $427C ; addr, local, , at2study2, , at2study2.asm:780
SPRITE_ATTR                     = $4330 ; addr, local, , at2study2, , at2study2.asm:847
WRTVRM                          = $4255 ; addr, local, , at2study2, , at2study2.asm:701
ANME_7_PTN                      = $42C8 ; addr, local, , at2study2, , at2study2.asm:824
TRAINING_BGM_START              = $434B ; addr, local, , at2study2, , AKGPlay.asm:1
PLY_AKG_INIT                    = $4580 ; addr, local, , at2study2, , AKGPlay.asm:512
SOUNDEFFECTS                    = $445D ; addr, local, , at2study2, , AKGPlay.asm:300
PLY_AKG_INITSOUNDEFFECTS        = $44A8 ; addr, local, , at2study2, , AKGPlay.asm:370
INIT_H_TIMI_HANDLER             = $40AC ; addr, local, , at2study2, , at2study2.asm:236
H_TIMI_HOOK_LOOP                = $409B ; addr, local, , at2study2, , at2study2.asm:174
REDRAW_SCREEN                   = $410A ; addr, local, , at2study2, , at2study2.asm:347
VBLANK_WAIT                     = $40A3 ; addr, local, , at2study2, , at2study2.asm:213
H_TIMI_HANDLER                  = $40CD ; addr, local, , at2study2, , at2study2.asm:275
H_TIMI_HANDLER_GO_BACKUPPROC    = $40D7 ; addr, local, , at2study2, , at2study2.asm:297
PLY_AKG_PLAY                    = $4619 ; addr, local, , at2study2, , AKGPlay.asm:599
SkipPatterNameTableRedraw       = $4107 ; addr, local, , at2study2, , at2study2.asm:334
CREATE_CHAR_PATTERN             = $41E5 ; addr, local, , at2study2, , at2study2.asm:538
TITLE_MSG                       = $433C ; addr, local, , at2study2, , at2study2.asm:853
PUSHZKEY                        = $411C ; addr, local, , at2study2, , at2study2.asm:364
PUSHXKEY                        = $4127 ; addr, local, , at2study2, , at2study2.asm:374
REDRAW_PROC                     = $4130 ; addr, local, , at2study2, , at2study2.asm:382
PLY_AKG_PLAYSOUNDEFFECT         = $44AC ; addr, local, , at2study2, , AKGPlay.asm:373
REDRAW_SCREEN_DEC_END           = $41DB ; addr, local, , at2study2, , at2study2.asm:521
REDRAW_SCREEN_DISPLAY_SETLASTCOL = $4142 ; addr, local, , at2study2, , at2study2.asm:395
REDRAW_SCREEN_DISPLAY_LOOP      = $4147 ; addr, local, , at2study2, , at2study2.asm:404
RANDOMVALUE                     = $420D ; addr, local, , at2study2, , at2study2.asm:582
REDRAW_SCREEN_DISPLAY_LOOP_NEXT = $4166 ; addr, local, , at2study2, , at2study2.asm:429
GREENCHAR                       = $4161 ; addr, local, , at2study2, , at2study2.asm:424
MULTILOOP1                      = $4182 ; addr, local, , at2study2, , at2study2.asm:452
REDRAW_SCREEN_DISP              = $41C0 ; addr, local, , at2study2, , at2study2.asm:501
REDRAW_SCREEN_INIT_TIMER        = $41D3 ; addr, local, , at2study2, , at2study2.asm:514
REDRAW_SCREEN_END               = $41E2 ; addr, local, , at2study2, , at2study2.asm:528
ANIME_CHAR_PTN                  = $4290 ; addr, local, , at2study2, , at2study2.asm:809
MEMFILLOOP                      = $4200 ; addr, local, , at2study2, , at2study2.asm:567
VDPRED                          = $4221 ; addr, local, , at2study2, , at2study2.asm:615
VDPWRT                          = $4236 ; addr, local, , at2study2, , at2study2.asm:648
REDVRM                          = $424D ; addr, local, , at2study2, , at2study2.asm:683
REDVRMSERIAL                    = $425D ; addr, local, , at2study2, , at2study2.asm:721
REDVRMSERIALLOOP                = $4268 ; addr, local, , at2study2, , at2study2.asm:736
WRTVRMFIL                       = $4271 ; addr, local, , at2study2, , at2study2.asm:755
WRTVRMFILLOOP                   = $4274 ; addr, local, , at2study2, , at2study2.asm:760
WRTVRMSERIALLOOP                = $4287 ; addr, local, , at2study2, , at2study2.asm:795
ANIME_0_PTN                     = $4290 ; addr, local, , at2study2, , at2study2.asm:810
ANIME_1_PTN                     = $4298 ; addr, local, , at2study2, , at2study2.asm:812
ANIME_2_PTN                     = $42A0 ; addr, local, , at2study2, , at2study2.asm:814
ANIME_3_PTN                     = $42A8 ; addr, local, , at2study2, , at2study2.asm:816
ANIME_4_PTN                     = $42B0 ; addr, local, , at2study2, , at2study2.asm:818
ANIME_5_PTN                     = $42B8 ; addr, local, , at2study2, , at2study2.asm:820
ANIME_6_PTN                     = $42C0 ; addr, local, , at2study2, , at2study2.asm:822
PLY_AKG_OFFSET2B                = $434B ; addr, local, , at2study2, , AKGPlay.asm:2
PLY_AKG_OFFSET1B                = $434B ; addr, local, , at2study2, , AKGPlay.asm:3
PLY_AKG_OPCODE_OR_A             = $434B ; addr, local, , at2study2, , AKGPlay.asm:4
PLY_AKG_OPCODE_ADD_HL_BC_MSB    = $434B ; addr, local, , at2study2, , AKGPlay.asm:5
PLY_AKG_FULL_INIT_CODE          = $434C ; addr, local, , at2study2, , AKGPlay.asm:7
PLY_AKG_USE_HOOKS               = $434C ; addr, local, , at2study2, , AKGPlay.asm:8
PLY_AKG_STOP_SOUNDS             = $434C ; addr, local, , at2study2, , AKGPlay.asm:9
PLY_AKG_BITFORSOUND             = $434D ; addr, local, , at2study2, , AKGPlay.asm:11
PLY_AKG_SOUNDEFFECTDATA_OFFSETINVERTEDVOLUME = $434D ; addr, local, , at2study2, , AKGPlay.asm:12
RASM_VERSION                    = $434D ; addr, local, , at2study2, , AKGPlay.asm:13
PLY_AKG_SOUNDEFFECTDATA_OFFSETCURRENTSTEP = $434E ; addr, local, , at2study2, , AKGPlay.asm:15
PLY_AKG_BITFORNOISE             = $4350 ; addr, local, , at2study2, , AKGPlay.asm:17
PLY_AKG_SOUNDEFFECTDATA_OFFSETSPEED = $434F ; addr, local, , at2study2, , AKGPlay.asm:18
TRAINING_BGM_ARPEGGIOTABLE      = $4359 ; addr, local, , at2study2, , AKGPlay.asm:25
PLY_AKG_OPCODE_ADD_HL_BC_LSB    = $4354 ; addr, local, , at2study2, , AKGPlay.asm:21
TRAINING_BGM_EFFECTBLOCKTABLE   = $4391 ; addr, local, , at2study2, , AKGPlay.asm:88
TRAINING_BGM_PITCHTABLE         = $4359 ; addr, local, , at2study2, , AKGPlay.asm:26
TRAINING_BGM_INSTRUMENTTABLE    = $4359 ; addr, local, , at2study2, , AKGPlay.asm:27
TRAINING_BGM_EMPTYINSTRUMENT    = $4361 ; addr, local, , at2study2, , AKGPlay.asm:32
TRAINING_BGM_INSTRUMENT1        = $4364 ; addr, local, , at2study2, , AKGPlay.asm:37
TRAINING_BGM_INSTRUMENT2        = $437C ; addr, local, , at2study2, , AKGPlay.asm:64
TRAINING_BGM_INSTRUMENT3        = $4388 ; addr, local, , at2study2, , AKGPlay.asm:77
TRAINING_BGM_EMPTYINSTRUMENT_LOOP = $4362 ; addr, local, , at2study2, , AKGPlay.asm:34
PLY_AKG_OPCODE_INC_HL           = $436E ; addr, local, , at2study2, , AKGPlay.asm:48
PLY_AKG_OPCODE_DEC_HL           = $4376 ; addr, local, , at2study2, , AKGPlay.asm:57
TRAINING_BGM_INSTRUMENT3_LOOP   = $438D ; addr, local, , at2study2, , AKGPlay.asm:83
PLY_AKG_OPCODE_SBC_HL_BC_LSB    = $438D ; addr, local, , at2study2, , AKGPlay.asm:84
TRAINING_BGM_SUBSONG0_START     = $4391 ; addr, local, , at2study2, , AKGPlay.asm:89
TRAINING_BGM_SUBSONG0_LINKER    = $4398 ; addr, local, , at2study2, , AKGPlay.asm:97
TRAINING_BGM_SUBSONG0_LINKER_LOOP = $4398 ; addr, local, , at2study2, , AKGPlay.asm:98
TRAINING_BGM_SUBSONG0_TRACK0    = $43AC ; addr, local, , at2study2, , AKGPlay.asm:113
TRAINING_BGM_SUBSONG0_TRACK1    = $441C ; addr, local, , at2study2, , AKGPlay.asm:228
TRAINING_BGM_SUBSONG0_TRACK2    = $4459 ; addr, local, , at2study2, , AKGPlay.asm:293
TRAINING_BGM_SUBSONG0_LINKERBLOCK0 = $43A4 ; addr, local, , at2study2, , AKGPlay.asm:106
TRAINING_BGM_SUBSONG0_SPEEDTRACK0 = $445B ; addr, local, , at2study2, , AKGPlay.asm:296
TRAINING_BGM_SUBSONG0_EVENTTRACK0 = $445C ; addr, local, , at2study2, , AKGPlay.asm:298
PLY_AKG_OPCODE_JP               = $440E ; addr, local, , at2study2, , AKGPlay.asm:212
PLY_AKG_OPCODE_ADD_A_IMMEDIATE  = $4411 ; addr, local, , at2study2, , AKGPlay.asm:216
PLY_AKG_OPCODE_SUB_IMMEDIATE    = $4421 ; addr, local, , at2study2, , AKGPlay.asm:234
PLY_AKG_OPCODE_SBC_HL_BC_MSB    = $4438 ; addr, local, , at2study2, , AKGPlay.asm:258
PLY_AKG_OPCODE_SCF              = $444A ; addr, local, , at2study2, , AKGPlay.asm:277
SOUNDEFFECTS_SOUND1             = $4467 ; addr, local, , at2study2, , AKGPlay.asm:306
SOUNDEFFECTS_SOUND2             = $4479 ; addr, local, , at2study2, , AKGPlay.asm:326
SOUNDEFFECTS_SOUND1_LOOP        = $4468 ; addr, local, , at2study2, , AKGPlay.asm:308
SOUNDEFFECTS_SOUND2_LOOP        = $447A ; addr, local, , at2study2, , AKGPlay.asm:328
PLY_AKG_START                   = $449F ; addr, local, , at2study2, , AKGPlay.asm:366
PLY_AKG_INITTABLEJP_END         = $4607 ; addr, local, , at2study2, , AKGPlay.asm:589
PLY_AKG_PTSOUNDEFFECTTABLE      = $D962 ; const, local, , at2study2, , AKGPlay.asm:1313
PLY_AKG_CHANNEL1_SOUNDEFFECTDATA = $D964 ; const, local, , at2study2, , AKGPlay.asm:1275
PLY_AKG_STOPSOUNDEFFECTFROMCHANNEL = $44D4 ; addr, local, , at2study2, , AKGPlay.asm:404
PLY_AKG_PLAYSOUNDEFFECTSSTREAM  = $44E2 ; addr, local, , at2study2, , AKGPlay.asm:416
PLY_AKG_PSGREG8                 = $D914 ; const, local, , at2study2, , AKGPlay.asm:1311
PLY_AKG_PSGREG01_INSTR          = $D90D ; const, local, , at2study2, , AKGPlay.asm:1306
PLY_AKG_PSES_PLAY               = $451B ; addr, local, , at2study2, , AKGPlay.asm:442
PLY_AKG_CHANNEL2_SOUNDEFFECTDATA = $D96C ; const, local, , at2study2, , AKGPlay.asm:1288
PLY_AKG_PSGREG9_10_INSTR        = $D915 ; const, local, , at2study2, , AKGPlay.asm:1312
PLY_AKG_PSGREG23_INSTR          = $D90F ; const, local, , at2study2, , AKGPlay.asm:1308
PLY_AKG_CHANNEL3_SOUNDEFFECTDATA = $D974 ; const, local, , at2study2, , AKGPlay.asm:1299
PLY_AKG_PSGREG10                = $D916 ; const, local, , at2study2, , AKGPlay.asm:1307
PLY_AKG_PSGREG45_INSTR          = $D911 ; const, local, , at2study2, , AKGPlay.asm:1309
PLY_AKG_PSES_READFIRSTBYTE      = $4524 ; addr, local, , at2study2, , AKGPlay.asm:448
PLY_AKG_PSES_SOFTWAREORSOFTWAREANDHARDWARE = $454B ; addr, local, , at2study2, , AKGPlay.asm:472
PLY_AKG_PSES_S_ENDORLOOP        = $452C ; addr, local, , at2study2, , AKGPlay.asm:456
PLY_AKG_PSES_SAVEPOINTERANDEXIT = $4534 ; addr, local, , at2study2, , AKGPlay.asm:461
PLY_AKG_PSES_NOTREACHED         = $4547 ; addr, local, , at2study2, , AKGPlay.asm:469
PLY_AKG_PSES_MANAGEVOLUMEFROMA_FILTER4BITS = $4574 ; addr, local, , at2study2, , AKGPlay.asm:503
PLY_AKG_PSES_READNOISEIFNEEDEDANDOPENORCLOSENOISECHANNEL = $455B ; addr, local, , at2study2, , AKGPlay.asm:480
PLY_AKG_PSES_READSOFTWAREPERIOD = $4568 ; addr, local, , at2study2, , AKGPlay.asm:490
PLY_AKG_PSES_READNOISEANDOPENNOISECHANNEL_OPENNOISE = $4560 ; addr, local, , at2study2, , AKGPlay.asm:484
PLY_AKG_PSGREG6_8_INSTR         = $D913 ; const, local, , at2study2, , AKGPlay.asm:1310
PLY_AKG_PSES_MANAGEVOLUMEFROMA_HARD = $4576 ; addr, local, , at2study2, , AKGPlay.asm:505
PLY_AKG_PSES_MVFA_NOOVERFLOW    = $457C ; addr, local, , at2study2, , AKGPlay.asm:509
PLY_AKG_INSTRUMENTSTABLE        = $D907 ; const, local, , at2study2, , AKGPlay.asm:1304
PLY_AKG_CURRENTSPEED            = $D900 ; const, local, , at2study2, , AKGPlay.asm:1302
PLY_AKG_BASENOTEINDEX           = $D901 ; const, local, , at2study2, , AKGPlay.asm:1265
PLY_AKG_READLINKER_PTLINKER     = $D905 ; const, local, , at2study2, , AKGPlay.asm:1314
PLY_AKG_INITTABLE0              = $45F5 ; addr, local, , at2study2, , AKGPlay.asm:573
PLY_AKG_INIT_READWORDSANDFILL   = $45F2 ; addr, local, , at2study2, , AKGPlay.asm:570
PLY_AKG_INITTABLE0_END          = $4601 ; addr, local, , at2study2, , AKGPlay.asm:580
PLY_AKG_INITTABLE1_END          = $4605 ; addr, local, , at2study2, , AKGPlay.asm:584
PLY_AKG_EMPTYINSTRUMENTDATAPT   = $D909 ; const, local, , at2study2, , AKGPlay.asm:1303
PLY_AKG_CHANNEL1_PTINSTRUMENT   = $D92C ; const, local, , at2study2, , AKGPlay.asm:1273
PLY_AKG_CHANNEL2_PTINSTRUMENT   = $D943 ; const, local, , at2study2, , AKGPlay.asm:1286
PLY_AKG_CHANNEL3_PTINSTRUMENT   = $D95A ; const, local, , at2study2, , AKGPlay.asm:1297
PLY_AKG_INIT_READWORDSANDFILL_LOOP = $45EC ; addr, local, , at2study2, , AKGPlay.asm:563
PLY_AKG_CHANNEL1_INVERTEDVOLUMEINTEGERANDDECIMAL = $D928 ; const, local, , at2study2, , AKGPlay.asm:1271
PLY_AKG_CHANNEL1_INVERTEDVOLUMEINTEGER = $D929 ; const, local, , at2study2, , AKGPlay.asm:1270
PLY_AKG_CHANNEL2_INVERTEDVOLUMEINTEGERANDDECIMAL = $D93F ; const, local, , at2study2, , AKGPlay.asm:1283
PLY_AKG_CHANNEL2_INVERTEDVOLUMEINTEGER = $D940 ; const, local, , at2study2, , AKGPlay.asm:1282
PLY_AKG_CHANNEL3_INVERTEDVOLUMEINTEGERANDDECIMAL = $D956 ; const, local, , at2study2, , AKGPlay.asm:1295
PLY_AKG_CHANNEL3_INVERTEDVOLUMEINTEGER = $D957 ; const, local, , at2study2, , AKGPlay.asm:1294
PLY_AKG_INITTABLE1              = $4601 ; addr, local, , at2study2, , AKGPlay.asm:581
PLY_AKG_PATTERNDECREASINGHEIGHT = $D902 ; const, local, , at2study2, , AKGPlay.asm:1305
PLY_AKG_TICKDECREASINGCOUNTER   = $D903 ; const, local, , at2study2, , AKGPlay.asm:1317
PLY_AKG_INITTABLEORA            = $4605 ; addr, local, , at2study2, , AKGPlay.asm:585
PLY_AKG_INITTABLEORA_END        = $4605 ; addr, local, , at2study2, , AKGPlay.asm:586
PLY_AKG_INITTABLEJP             = $4605 ; addr, local, , at2study2, , AKGPlay.asm:587
PLY_AKG_TEMPPLAYINSTRUMENTJUMPINSTRANDADDRESS = $D91A ; const, local, , at2study2, , AKGPlay.asm:1316
PLY_AKG_STOP                    = $4607 ; addr, local, , at2study2, , AKGPlay.asm:590
PLY_AKG_SAVESP                  = $D90B ; const, local, , at2study2, , AKGPlay.asm:1315
PLY_AKG_SENDPSGREGISTERS        = $488C ; addr, local, , at2study2, , AKGPlay.asm:954
PLY_AKG_SETSPEEDBEFOREPLAYSTREAMS = $47B1 ; addr, local, , at2study2, , AKGPlay.asm:849
PLY_AKG_SETCURRENTLINEBEFOREREADLINE = $4654 ; addr, local, , at2study2, , AKGPlay.asm:632
PLY_AKG_READLINKER              = $462A ; addr, local, , at2study2, , AKGPlay.asm:607
PLY_AKG_READLINKER_NOLOOP       = $4636 ; addr, local, , at2study2, , AKGPlay.asm:616
PLY_AKG_CHANNEL1_PTTRACK        = $D922 ; const, local, , at2study2, , AKGPlay.asm:1274
PLY_AKG_CHANNEL2_PTTRACK        = $D939 ; const, local, , at2study2, , AKGPlay.asm:1287
PLY_AKG_CHANNEL3_PTTRACK        = $D950 ; const, local, , at2study2, , AKGPlay.asm:1298
PLY_AKG_CHANNEL1_SOUNDSTREAM_RELATIVEMODIFIERADDRESS = $D91D ; const, local, , at2study2, , AKGPlay.asm:1276
PLY_AKG_CHANNEL2_PLAYINSTRUMENT_RELATIVEMODIFIERADDRESS = $D934 ; const, local, , at2study2, , AKGPlay.asm:1284
PLY_AKG_CHANNEL3_WAITCOUNTER    = $D94B ; const, local, , at2study2, , AKGPlay.asm:1301
PLY_AKG_READLINE                = $4657 ; addr, local, , at2study2, , AKGPlay.asm:634
PLY_AKG_CHANNEL1_READTRACK      = $4664 ; addr, local, , at2study2, , AKGPlay.asm:640
PLY_AKG_CHANNEL1_READCELLEND    = $46CA ; addr, local, , at2study2, , AKGPlay.asm:705
PLY_AKG_CHANNEL1_NOTE           = $469B ; addr, local, , at2study2, , AKGPlay.asm:674
PLY_AKG_CHANNEL1_MAYBEEFFECTS   = $48ED ; addr, local, , at2study2, , AKGPlay.asm:1007
PLY_AKG_CHANNEL1_WAIT           = $468A ; addr, local, , at2study2, , AKGPlay.asm:665
PLY_AKG_CHANNEL1_SMALLWAIT      = $467F ; addr, local, , at2study2, , AKGPlay.asm:657
PLY_AKG_CHANNEL1_AFTERNOTEKNOWN = $46A0 ; addr, local, , at2study2, , AKGPlay.asm:678
PLY_AKG_CHANNEL1_BEFOREEND_STORECELLPOINTER = $46C7 ; addr, local, , at2study2, , AKGPlay.asm:703
PLY_AKG_CHANNEL1_SAMEINSTRUMENT = $4691 ; addr, local, , at2study2, , AKGPlay.asm:670
PLY_AKG_CHANNEL1_PTBASEINSTRUMENT = $D92E ; const, local, , at2study2, , AKGPlay.asm:1272
PLY_AKG_CHANNEL1_AFTERINSTRUMENT = $46C1 ; addr, local, , at2study2, , AKGPlay.asm:698
PLY_AKG_CHANNEL1_TRACKNOTE      = $D920 ; const, local, , at2study2, , AKGPlay.asm:1277
PLY_AKG_CHANNEL1_INSTRUMENTSPEED = $D91E ; const, local, , at2study2, , AKGPlay.asm:1268
PLY_AKG_CHANNEL1_INSTRUMENTSTEP = $D91F ; const, local, , at2study2, , AKGPlay.asm:1269
PLY_AKG_CHANNEL2_READTRACK      = $46D7 ; addr, local, , at2study2, , AKGPlay.asm:711
PLY_AKG_CHANNEL2_READCELLEND    = $473C ; addr, local, , at2study2, , AKGPlay.asm:776
PLY_AKG_CHANNEL2_NOTE           = $470E ; addr, local, , at2study2, , AKGPlay.asm:745
PLY_AKG_CHANNEL1_READEFFECTSEND = $48F3 ; addr, local, , at2study2, , AKGPlay.asm:1010
PLY_AKG_CHANNEL2_WAIT           = $46FD ; addr, local, , at2study2, , AKGPlay.asm:736
PLY_AKG_CHANNEL2_SMALLWAIT      = $46F2 ; addr, local, , at2study2, , AKGPlay.asm:728
PLY_AKG_CHANNEL2_AFTERNOTEKNOWN = $4713 ; addr, local, , at2study2, , AKGPlay.asm:749
PLY_AKG_CHANNEL2_BEFOREEND_STORECELLPOINTER = $4739 ; addr, local, , at2study2, , AKGPlay.asm:774
PLY_AKG_CHANNEL2_SAMEINSTRUMENT = $4704 ; addr, local, , at2study2, , AKGPlay.asm:741
PLY_AKG_CHANNEL2_PTBASEINSTRUMENT = $D945 ; const, local, , at2study2, , AKGPlay.asm:1285
PLY_AKG_CHANNEL2_AFTERINSTRUMENT = $4733 ; addr, local, , at2study2, , AKGPlay.asm:769
PLY_AKG_CHANNEL2_TRACKNOTE      = $D937 ; const, local, , at2study2, , AKGPlay.asm:1289
PLY_AKG_CHANNEL2_INSTRUMENTSPEED = $D935 ; const, local, , at2study2, , AKGPlay.asm:1280
PLY_AKG_CHANNEL2_INSTRUMENTSTEP = $D936 ; const, local, , at2study2, , AKGPlay.asm:1281
PLY_AKG_CHANNEL3_READTRACK      = $4749 ; addr, local, , at2study2, , AKGPlay.asm:782
PLY_AKG_CHANNEL3_READCELLEND    = $47AE ; addr, local, , at2study2, , AKGPlay.asm:847
PLY_AKG_CHANNEL3_NOTE           = $4780 ; addr, local, , at2study2, , AKGPlay.asm:816
PLY_AKG_CHANNEL2_READEFFECTSEND = $48F9 ; addr, local, , at2study2, , AKGPlay.asm:1014
PLY_AKG_CHANNEL3_WAIT           = $476F ; addr, local, , at2study2, , AKGPlay.asm:807
PLY_AKG_CHANNEL3_SMALLWAIT      = $4764 ; addr, local, , at2study2, , AKGPlay.asm:799
PLY_AKG_CHANNEL3_AFTERNOTEKNOWN = $4785 ; addr, local, , at2study2, , AKGPlay.asm:820
PLY_AKG_CHANNEL3_BEFOREEND_STORECELLPOINTER = $47AB ; addr, local, , at2study2, , AKGPlay.asm:845
PLY_AKG_CHANNEL3_SAMEINSTRUMENT = $4776 ; addr, local, , at2study2, , AKGPlay.asm:812
PLY_AKG_CHANNEL3_PTBASEINSTRUMENT = $D95C ; const, local, , at2study2, , AKGPlay.asm:1296
PLY_AKG_CHANNEL3_AFTERINSTRUMENT = $47A5 ; addr, local, , at2study2, , AKGPlay.asm:840
PLY_AKG_CHANNEL3_TRACKNOTE      = $D94E ; const, local, , at2study2, , AKGPlay.asm:1300
PLY_AKG_CHANNEL3_INSTRUMENTSPEED = $D94C ; const, local, , at2study2, , AKGPlay.asm:1292
PLY_AKG_CHANNEL3_INSTRUMENTSTEP = $D94D ; const, local, , at2study2, , AKGPlay.asm:1293
PLY_AKG_CHANNEL1_GENERATEDCURRENTINVERTEDVOLUME = $D921 ; const, local, , at2study2, , AKGPlay.asm:1266
PLY_AKG_CHANNEL1_GENERATEDCURRENTPITCH = $D932 ; const, local, , at2study2, , AKGPlay.asm:1267
PLY_AKG_CHANNEL2_GENERATEDCURRENTINVERTEDVOLUME = $D938 ; const, local, , at2study2, , AKGPlay.asm:1278
PLY_AKG_CHANNEL2_GENERATEDCURRENTPITCH = $D949 ; const, local, , at2study2, , AKGPlay.asm:1279
PLY_AKG_CHANNEL3_GENERATEDCURRENTINVERTEDVOLUME = $D94F ; const, local, , at2study2, , AKGPlay.asm:1290
PLY_AKG_CHANNEL3_GENERATEDCURRENTPITCH = $D960 ; const, local, , at2study2, , AKGPlay.asm:1291
PLY_AKG_CHANNEL3_READEFFECTSEND = $48FF ; addr, local, , at2study2, , AKGPlay.asm:1018
PLY_AKG_CHANNEL1_SETINSTRUMENTSTEP = $4814 ; addr, local, , at2study2, , AKGPlay.asm:893
PLY_AKG_CHANNEL2_SETINSTRUMENTSTEP = $4848 ; addr, local, , at2study2, , AKGPlay.asm:919
PLY_AKG_CHANNEL3_SETINSTRUMENTSTEP = $487D ; addr, local, , at2study2, , AKGPlay.asm:946
PLY_AKG_CHANNEL2_MAYBEEFFECTS   = $48F3 ; addr, local, , at2study2, , AKGPlay.asm:1011
PLY_AKG_CHANNEL3_MAYBEEFFECTS   = $48F9 ; addr, local, , at2study2, , AKGPlay.asm:1015
PLY_AKG_READINSTRUMENTCELL      = $48FF ; addr, local, , at2study2, , AKGPlay.asm:1019
PLY_AKG_S_OR_H_OR_SAH_OR_ENDWITHLOOP = $494E ; addr, local, , at2study2, , AKGPlay.asm:1077
PLY_AKG_STH_OR_ENDWITHOUTLOOP   = $494B ; addr, local, , at2study2, , AKGPlay.asm:1074
PLY_AKG_NOSOFTNOHARD            = $490B ; addr, local, , at2study2, , AKGPlay.asm:1028
PLY_AKG_NSNH_NONOISE            = $4920 ; addr, local, , at2study2, , AKGPlay.asm:1042
PLY_AKG_SOFT                    = $4923 ; addr, local, , at2study2, , AKGPlay.asm:1045
PLY_AKG_SOFTONLY_HARDONLY_TESTSIMPLE_COMMON = $492A ; addr, local, , at2study2, , AKGPlay.asm:1051
PLY_AKG_S_NOTSIMPLE             = $4932 ; addr, local, , at2study2, , AKGPlay.asm:1056
PLY_AKG_S_AFTERSIMPLETEST       = $4935 ; addr, local, , at2study2, , AKGPlay.asm:1060
PLY_AKG_S_OR_H_CHECKIFSIMPLEFIRST_CALCULATEPERIOD = $495C ; addr, local, , at2study2, , AKGPlay.asm:1089
PLY_AKG_ENDWITHOUTLOOP          = $4942 ; addr, local, , at2study2, , AKGPlay.asm:1068
PLY_AKG_H_OR_ENDWITHLOOP        = $4955 ; addr, local, , at2study2, , AKGPlay.asm:1082
PLY_AKG_ENDWITHLOOP             = $4955 ; addr, local, , at2study2, , AKGPlay.asm:1083
PLY_AKG_S_OR_H_NEXTBYTE         = $4972 ; addr, local, , at2study2, , AKGPlay.asm:1106
PLY_AKG_PERIODTABLE             = $4994 ; addr, local, , at2study2, , AKGPlay.asm:1136
PLY_AKG_S_OR_H_AFTERPITCH       = $4986 ; addr, local, , at2study2, , AKGPlay.asm:1123
__head                          = $4000 ; const, public, def, , ,
__tail                          = $4A94 ; const, public, def, , ,
__size                          = $0A94 ; const, public, def, , ,
